Archive member included to satisfy reference by file (symbol)

c:/st/stm32cubeide_1.6.0/stm32cubeide/plugins/com.st.stm32cube.ide.mcu.externaltools.gnu-tools-for-stm32.9-2020-q2-update.win32_1.5.0.202011040924/tools/bin/../lib/gcc/arm-none-eabi/9.3.1/../../../../arm-none-eabi/lib/thumb/v7e-m+fp/hard\libc_nano.a(lib_a-errno.o)
                              Core/Src/syscalls.o (__errno)
c:/st/stm32cubeide_1.6.0/stm32cubeide/plugins/com.st.stm32cube.ide.mcu.externaltools.gnu-tools-for-stm32.9-2020-q2-update.win32_1.5.0.202011040924/tools/bin/../lib/gcc/arm-none-eabi/9.3.1/../../../../arm-none-eabi/lib/thumb/v7e-m+fp/hard\libc_nano.a(lib_a-exit.o)
                              c:/st/stm32cubeide_1.6.0/stm32cubeide/plugins/com.st.stm32cube.ide.mcu.externaltools.gnu-tools-for-stm32.9-2020-q2-update.win32_1.5.0.202011040924/tools/bin/../lib/gcc/arm-none-eabi/9.3.1/../../../../arm-none-eabi/lib/thumb/v7e-m+fp/hard/crt0.o (exit)
c:/st/stm32cubeide_1.6.0/stm32cubeide/plugins/com.st.stm32cube.ide.mcu.externaltools.gnu-tools-for-stm32.9-2020-q2-update.win32_1.5.0.202011040924/tools/bin/../lib/gcc/arm-none-eabi/9.3.1/../../../../arm-none-eabi/lib/thumb/v7e-m+fp/hard\libc_nano.a(lib_a-impure.o)
                              c:/st/stm32cubeide_1.6.0/stm32cubeide/plugins/com.st.stm32cube.ide.mcu.externaltools.gnu-tools-for-stm32.9-2020-q2-update.win32_1.5.0.202011040924/tools/bin/../lib/gcc/arm-none-eabi/9.3.1/../../../../arm-none-eabi/lib/thumb/v7e-m+fp/hard\libc_nano.a(lib_a-exit.o) (_global_impure_ptr)
c:/st/stm32cubeide_1.6.0/stm32cubeide/plugins/com.st.stm32cube.ide.mcu.externaltools.gnu-tools-for-stm32.9-2020-q2-update.win32_1.5.0.202011040924/tools/bin/../lib/gcc/arm-none-eabi/9.3.1/../../../../arm-none-eabi/lib/thumb/v7e-m+fp/hard\libc_nano.a(lib_a-init.o)
                              c:/st/stm32cubeide_1.6.0/stm32cubeide/plugins/com.st.stm32cube.ide.mcu.externaltools.gnu-tools-for-stm32.9-2020-q2-update.win32_1.5.0.202011040924/tools/bin/../lib/gcc/arm-none-eabi/9.3.1/../../../../arm-none-eabi/lib/thumb/v7e-m+fp/hard/crt0.o (__libc_init_array)
c:/st/stm32cubeide_1.6.0/stm32cubeide/plugins/com.st.stm32cube.ide.mcu.externaltools.gnu-tools-for-stm32.9-2020-q2-update.win32_1.5.0.202011040924/tools/bin/../lib/gcc/arm-none-eabi/9.3.1/../../../../arm-none-eabi/lib/thumb/v7e-m+fp/hard\libc_nano.a(lib_a-itoa.o)
                              Core/Src/main.o (itoa)
c:/st/stm32cubeide_1.6.0/stm32cubeide/plugins/com.st.stm32cube.ide.mcu.externaltools.gnu-tools-for-stm32.9-2020-q2-update.win32_1.5.0.202011040924/tools/bin/../lib/gcc/arm-none-eabi/9.3.1/../../../../arm-none-eabi/lib/thumb/v7e-m+fp/hard\libc_nano.a(lib_a-memcpy-stub.o)
                              Middlewares/Third_Party/FreeRTOS/Source/queue.o (memcpy)
c:/st/stm32cubeide_1.6.0/stm32cubeide/plugins/com.st.stm32cube.ide.mcu.externaltools.gnu-tools-for-stm32.9-2020-q2-update.win32_1.5.0.202011040924/tools/bin/../lib/gcc/arm-none-eabi/9.3.1/../../../../arm-none-eabi/lib/thumb/v7e-m+fp/hard\libc_nano.a(lib_a-memset.o)
                              c:/st/stm32cubeide_1.6.0/stm32cubeide/plugins/com.st.stm32cube.ide.mcu.externaltools.gnu-tools-for-stm32.9-2020-q2-update.win32_1.5.0.202011040924/tools/bin/../lib/gcc/arm-none-eabi/9.3.1/../../../../arm-none-eabi/lib/thumb/v7e-m+fp/hard/crt0.o (memset)
c:/st/stm32cubeide_1.6.0/stm32cubeide/plugins/com.st.stm32cube.ide.mcu.externaltools.gnu-tools-for-stm32.9-2020-q2-update.win32_1.5.0.202011040924/tools/bin/../lib/gcc/arm-none-eabi/9.3.1/../../../../arm-none-eabi/lib/thumb/v7e-m+fp/hard\libc_nano.a(lib_a-strcat.o)
                              Core/Src/main.o (strcat)
c:/st/stm32cubeide_1.6.0/stm32cubeide/plugins/com.st.stm32cube.ide.mcu.externaltools.gnu-tools-for-stm32.9-2020-q2-update.win32_1.5.0.202011040924/tools/bin/../lib/gcc/arm-none-eabi/9.3.1/../../../../arm-none-eabi/lib/thumb/v7e-m+fp/hard\libc_nano.a(lib_a-strlen.o)
                              Core/Src/main.o (strlen)
c:/st/stm32cubeide_1.6.0/stm32cubeide/plugins/com.st.stm32cube.ide.mcu.externaltools.gnu-tools-for-stm32.9-2020-q2-update.win32_1.5.0.202011040924/tools/bin/../lib/gcc/arm-none-eabi/9.3.1/../../../../arm-none-eabi/lib/thumb/v7e-m+fp/hard\libc_nano.a(lib_a-utoa.o)
                              c:/st/stm32cubeide_1.6.0/stm32cubeide/plugins/com.st.stm32cube.ide.mcu.externaltools.gnu-tools-for-stm32.9-2020-q2-update.win32_1.5.0.202011040924/tools/bin/../lib/gcc/arm-none-eabi/9.3.1/../../../../arm-none-eabi/lib/thumb/v7e-m+fp/hard\libc_nano.a(lib_a-itoa.o) (__utoa)
c:/st/stm32cubeide_1.6.0/stm32cubeide/plugins/com.st.stm32cube.ide.mcu.externaltools.gnu-tools-for-stm32.9-2020-q2-update.win32_1.5.0.202011040924/tools/bin/../lib/gcc/arm-none-eabi/9.3.1/thumb/v7e-m+fp/hard\libgcc.a(_aeabi_uldivmod.o)
                              Drivers/STM32F4xx_HAL_Driver/Src/stm32f4xx_hal_rcc.o (__aeabi_uldivmod)
[...]
Memory Configuration

Name             Origin             Length             Attributes
CCMRAM           0x0000000010000000 0x0000000000010000 xrw
RAM              0x0000000020000000 0x0000000000020000 xrw
FLASH            0x0000000008000000 0x0000000000100000 xr
*default*        0x0000000000000000 0xffffffffffffffff

Linker script and memory map

LOAD c:/st/stm32cubeide_1.6.0/stm32cubeide/plugins/com.st.stm32cube.ide.mcu.externaltools.gnu-tools-for-stm32.9-2020-q2-update.win32_1.5.0.202011040924/tools/bin/../lib/gcc/arm-none-eabi/9.3.1/thumb/v7e-m+fp/hard/crti.o
LOAD c:/st/stm32cubeide_1.6.0/stm32cubeide/plugins/com.st.stm32cube.ide.mcu.externaltools.gnu-tools-for-stm32.9-2020-q2-update.win32_1.5.0.202011040924/tools/bin/../lib/gcc/arm-none-eabi/9.3.1/thumb/v7e-m+fp/hard/crtbegin.o
LOAD c:/st/stm32cubeide_1.6.0/stm32cubeide/plugins/com.st.stm32cube.ide.mcu.externaltools.gnu-tools-for-stm32.9-2020-q2-update.win32_1.5.0.202011040924/tools/bin/../lib/gcc/arm-none-eabi/9.3.1/../../../../arm-none-eabi/lib/thumb/v7e-m+fp/hard/crt0.o
LOAD Core/Src/freertos.o
LOAD Core/Src/main.o
LOAD Core/Src/stm32f4xx_hal_msp.o
LOAD Core/Src/stm32f4xx_hal_timebase_tim.o
LOAD Core/Src/stm32f4xx_it.o
LOAD Core/Src/syscalls.o
LOAD Core/Src/sysmem.o
LOAD Core/Src/system_stm32f4xx.o
LOAD Core/Startup/startup_stm32f407vgtx.o
LOAD Drivers/STM32F4xx_HAL_Driver/Src/stm32f4xx_hal.o
LOAD Drivers/STM32F4xx_HAL_Driver/Src/stm32f4xx_hal_cortex.o
LOAD Drivers/STM32F4xx_HAL_Driver/Src/stm32f4xx_hal_dma.o
LOAD Drivers/STM32F4xx_HAL_Driver/Src/stm32f4xx_hal_dma_ex.o
LOAD Drivers/STM32F4xx_HAL_Driver/Src/stm32f4xx_hal_exti.o
LOAD Drivers/STM32F4xx_HAL_Driver/Src/stm32f4xx_hal_flash.o
LOAD Drivers/STM32F4xx_HAL_Driver/Src/stm32f4xx_hal_flash_ex.o
LOAD Drivers/STM32F4xx_HAL_Driver/Src/stm32f4xx_hal_flash_ramfunc.o
LOAD Drivers/STM32F4xx_HAL_Driver/Src/stm32f4xx_hal_gpio.o
LOAD Drivers/STM32F4xx_HAL_Driver/Src/stm32f4xx_hal_pwr.o
LOAD Drivers/STM32F4xx_HAL_Driver/Src/stm32f4xx_hal_pwr_ex.o
LOAD Drivers/STM32F4xx_HAL_Driver/Src/stm32f4xx_hal_rcc.o
LOAD Drivers/STM32F4xx_HAL_Driver/Src/stm32f4xx_hal_rcc_ex.o
LOAD Drivers/STM32F4xx_HAL_Driver/Src/stm32f4xx_hal_tim.o
LOAD Drivers/STM32F4xx_HAL_Driver/Src/stm32f4xx_hal_tim_ex.o
LOAD Drivers/STM32F4xx_HAL_Driver/Src/stm32f4xx_hal_uart.o
LOAD Middlewares/Third_Party/FreeRTOS/Source/CMSIS_RTOS/cmsis_os.o
LOAD Middlewares/Third_Party/FreeRTOS/Source/croutine.o
LOAD Middlewares/Third_Party/FreeRTOS/Source/event_groups.o
LOAD Middlewares/Third_Party/FreeRTOS/Source/list.o
LOAD Middlewares/Third_Party/FreeRTOS/Source/queue.o
LOAD Middlewares/Third_Party/FreeRTOS/Source/stream_buffer.o
LOAD Middlewares/Third_Party/FreeRTOS/Source/tasks.o
LOAD Middlewares/Third_Party/FreeRTOS/Source/timers.o
LOAD Middlewares/Third_Party/FreeRTOS/Source/portable/GCC/ARM_CM4F/port.o
LOAD Middlewares/Third_Party/FreeRTOS/Source/portable/MemMang/heap_4.o
START GROUP
LOAD c:/st/stm32cubeide_1.6.0/stm32cubeide/plugins/com.st.stm32cube.ide.mcu.externaltools.gnu-tools-for-stm32.9-2020-q2-update.win32_1.5.0.202011040924/tools/bin/../lib/gcc/arm-none-eabi/9.3.1/../../../../arm-none-eabi/lib/thumb/v7e-m+fp/hard\libc_nano.a
LOAD c:/st/stm32cubeide_1.6.0/stm32cubeide/plugins/com.st.stm32cube.ide.mcu.externaltools.gnu-tools-for-stm32.9-2020-q2-update.win32_1.5.0.202011040924/tools/bin/../lib/gcc/arm-none-eabi/9.3.1/../../../../arm-none-eabi/lib/thumb/v7e-m+fp/hard\libm.a
END GROUP
START GROUP
LOAD c:/st/stm32cubeide_1.6.0/stm32cubeide/plugins/com.st.stm32cube.ide.mcu.externaltools.gnu-tools-for-stm32.9-2020-q2-update.win32_1.5.0.202011040924/tools/bin/../lib/gcc/arm-none-eabi/9.3.1/thumb/v7e-m+fp/hard\libgcc.a
LOAD c:/st/stm32cubeide_1.6.0/stm32cubeide/plugins/com.st.stm32cube.ide.mcu.externaltools.gnu-tools-for-stm32.9-2020-q2-update.win32_1.5.0.202011040924/tools/bin/../lib/gcc/arm-none-eabi/9.3.1/../../../../arm-none-eabi/lib/thumb/v7e-m+fp/hard\libc_nano.a
END GROUP
START GROUP
LOAD c:/st/stm32cubeide_1.6.0/stm32cubeide/plugins/com.st.stm32cube.ide.mcu.externaltools.gnu-tools-for-stm32.9-2020-q2-update.win32_1.5.0.202011040924/tools/bin/../lib/gcc/arm-none-eabi/9.3.1/thumb/v7e-m+fp/hard\libgcc.a
LOAD c:/st/stm32cubeide_1.6.0/stm32cubeide/plugins/com.st.stm32cube.ide.mcu.externaltools.gnu-tools-for-stm32.9-2020-q2-update.win32_1.5.0.202011040924/tools/bin/../lib/gcc/arm-none-eabi/9.3.1/../../../../arm-none-eabi/lib/thumb/v7e-m+fp/hard\libc_nano.a
LOAD c:/st/stm32cubeide_1.6.0/stm32cubeide/plugins/com.st.stm32cube.ide.mcu.externaltools.gnu-tools-for-stm32.9-2020-q2-update.win32_1.5.0.202011040924/tools/bin/../lib/gcc/arm-none-eabi/9.3.1/../../../../arm-none-eabi/lib/thumb/v7e-m+fp/hard\libnosys.a
END GROUP
START GROUP
LOAD c:/st/stm32cubeide_1.6.0/stm32cubeide/plugins/com.st.stm32cube.ide.mcu.externaltools.gnu-tools-for-stm32.9-2020-q2-update.win32_1.5.0.202011040924/tools/bin/../lib/gcc/arm-none-eabi/9.3.1/thumb/v7e-m+fp/hard\libgcc.a
LOAD c:/st/stm32cubeide_1.6.0/stm32cubeide/plugins/com.st.stm32cube.ide.mcu.externaltools.gnu-tools-for-stm32.9-2020-q2-update.win32_1.5.0.202011040924/tools/bin/../lib/gcc/arm-none-eabi/9.3.1/../../../../arm-none-eabi/lib/thumb/v7e-m+fp/hard\libc_nano.a
LOAD c:/st/stm32cubeide_1.6.0/stm32cubeide/plugins/com.st.stm32cube.ide.mcu.externaltools.gnu-tools-for-stm32.9-2020-q2-update.win32_1.5.0.202011040924/tools/bin/../lib/gcc/arm-none-eabi/9.3.1/../../../../arm-none-eabi/lib/thumb/v7e-m+fp/hard\libnosys.a
END GROUP
LOAD c:/st/stm32cubeide_1.6.0/stm32cubeide/plugins/com.st.stm32cube.ide.mcu.externaltools.gnu-tools-for-stm32.9-2020-q2-update.win32_1.5.0.202011040924/tools/bin/../lib/gcc/arm-none-eabi/9.3.1/thumb/v7e-m+fp/hard/crtend.o
LOAD c:/st/stm32cubeide_1.6.0/stm32cubeide/plugins/com.st.stm32cube.ide.mcu.externaltools.gnu-tools-for-stm32.9-2020-q2-update.win32_1.5.0.202011040924/tools/bin/../lib/gcc/arm-none-eabi/9.3.1/thumb/v7e-m+fp/hard/crtn.o
                0x0000000020020000                _estack = (ORIGIN (RAM) + LENGTH (RAM))
                0x0000000000000200                _Min_Heap_Size = 0x200
                0x0000000000000400                _Min_Stack_Size = 0x400

.isr_vector     0x0000000008000000      0x188
                0x0000000008000000                . = ALIGN (0x4)
 *(.isr_vector)
 .isr_vector    0x0000000008000000      0x188 Core/Startup/startup_stm32f407vgtx.o
                0x0000000008000000                g_pfnVectors
                0x0000000008000188                . = ALIGN (0x4)

.text           0x0000000008000190     0x5a20
                0x0000000008000190                . = ALIGN (0x4)
 *(.text)
 .text          0x0000000008000190       0x40 c:/st/stm32cubeide_1.6.0/stm32cubeide/plugins/com.st.stm32cube.ide.mcu.externaltools.gnu-tools-for-stm32.9-2020-q2-update.win32_1.5.0.202011040924/tools/bin/../lib/gcc/arm-none-eabi/9.3.1/thumb/v7e-m+fp/hard/crtbegin.o
 .text          0x00000000080001d0       0x10 c:/st/stm32cubeide_1.6.0/stm32cubeide/plugins/com.st.stm32cube.ide.mcu.externaltools.gnu-tools-for-stm32.9-2020-q2-update.win32_1.5.0.202011040924/tools/bin/../lib/gcc/arm-none-eabi/9.3.1/../../../../arm-none-eabi/lib/thumb/v7e-m+fp/hard\libc_nano.a(lib_a-strlen.o)
                0x00000000080001d0                strlen
 .text          0x00000000080001e0       0x30 c:/st/stm32cubeide_1.6.0/stm32cubeide/plugins/com.st.stm32cube.ide.mcu.externaltools.gnu-tools-for-stm32.9-2020-q2-update.win32_1.5.0.202011040924/tools/bin/../lib/gcc/arm-none-eabi/9.3.1/thumb/v7e-m+fp/hard\libgcc.a(_aeabi_uldivmod.o)
                0x00000000080001e0                __aeabi_uldivmod
 .text          0x0000000008000210      0x2c4 c:/st/stm32cubeide_1.6.0/stm32cubeide/plugins/com.st.stm32cube.ide.mcu.externaltools.gnu-tools-for-stm32.9-2020-q2-update.win32_1.5.0.202011040924/tools/bin/../lib/gcc/arm-none-eabi/9.3.1/thumb/v7e-m+fp/hard\libgcc.a(_udivmoddi4.o)
                0x0000000008000210                __udivmoddi4
 .text          0x00000000080004d4        0x4 c:/st/stm32cubeide_1.6.0/stm32cubeide/plugins/com.st.stm32cube.ide.mcu.externaltools.gnu-tools-for-stm32.9-2020-q2-update.win32_1.5.0.202011040924/tools/bin/../lib/gcc/arm-none-eabi/9.3.1/thumb/v7e-m+fp/hard\libgcc.a(_dvmd_tls.o)
                0x00000000080004d4                __aeabi_idiv0
                0x00000000080004d4                __aeabi_ldiv0
 *(.text*)
 .text.vApplicationGetIdleTaskMemory
                0x00000000080004d8       0x34 Core/Src/freertos.o
                0x00000000080004d8                vApplicationGetIdleTaskMemory
 .text.main     0x000000000800050c       0xec Core/Src/main.o
                0x000000000800050c                main
 .text.SystemClock_Config
                0x00000000080005f8       0xd4 Core/Src/main.o
                0x00000000080005f8                SystemClock_Config
 .text.MX_USART2_UART_Init
                0x00000000080006cc       0x54 Core/Src/main.o
 .text.MX_GPIO_Init
                0x0000000008000720      0x2bc Core/Src/main.o
 .text.HPT_TASK
                0x00000000080009dc      0x158 Core/Src/main.o
                0x00000000080009dc                HPT_TASK
 .text.MPT_TASK
                0x0000000008000b34      0x12c Core/Src/main.o
                0x0000000008000b34                MPT_TASK
 .text.LPT_TASK
                0x0000000008000c60      0x12c Core/Src/main.o
                0x0000000008000c60                LPT_TASK
 .text.VLPT_TASK
                0x0000000008000d8c      0x12c Core/Src/main.o
                0x0000000008000d8c                VLPT_TASK
 .text.HAL_UART_RxCpltCallback
                0x0000000008000eb8       0x58 Core/Src/main.o
                0x0000000008000eb8                HAL_UART_RxCpltCallback
 .text.HAL_TIM_PeriodElapsedCallback
                0x0000000008000f10       0x24 Core/Src/main.o
                0x0000000008000f10                HAL_TIM_PeriodElapsedCallback
 .text.Error_Handler
                0x0000000008000f34        0xa Core/Src/main.o
                0x0000000008000f34                Error_Handler
 *fill*         0x0000000008000f3e        0x2 
 .text.HAL_MspInit
                0x0000000008000f40       0x58 Core/Src/stm32f4xx_hal_msp.o
                0x0000000008000f40                HAL_MspInit
 .text.HAL_UART_MspInit
                0x0000000008000f98       0xa0 Core/Src/stm32f4xx_hal_msp.o
                0x0000000008000f98                HAL_UART_MspInit
 .text.HAL_InitTick
                0x0000000008001038       0xb4 Core/Src/stm32f4xx_hal_timebase_tim.o
                0x0000000008001038                HAL_InitTick
 .text.NMI_Handler
                0x00000000080010ec        0x6 Core/Src/stm32f4xx_it.o
                0x00000000080010ec                NMI_Handler
 .text.HardFault_Handler
                0x00000000080010f2        0x6 Core/Src/stm32f4xx_it.o
                0x00000000080010f2                HardFault_Handler
 .text.MemManage_Handler
                0x00000000080010f8        0x6 Core/Src/stm32f4xx_it.o
                0x00000000080010f8                MemManage_Handler
 .text.BusFault_Handler
                0x00000000080010fe        0x6 Core/Src/stm32f4xx_it.o
                0x00000000080010fe                BusFault_Handler
 .text.UsageFault_Handler
                0x0000000008001104        0x6 Core/Src/stm32f4xx_it.o
                0x0000000008001104                UsageFault_Handler
 .text.DebugMon_Handler
                0x000000000800110a        0xe Core/Src/stm32f4xx_it.o
                0x000000000800110a                DebugMon_Handler
 .text.USART2_IRQHandler
                0x0000000008001118       0x14 Core/Src/stm32f4xx_it.o
                0x0000000008001118                USART2_IRQHandler
 .text.TIM6_DAC_IRQHandler
                0x000000000800112c       0x14 Core/Src/stm32f4xx_it.o
                0x000000000800112c                TIM6_DAC_IRQHandler
 .text.SystemInit
                0x0000000008001140       0x24 Core/Src/system_stm32f4xx.o
                0x0000000008001140                SystemInit
 .text.Reset_Handler
                0x0000000008001164       0x50 Core/Startup/startup_stm32f407vgtx.o
                0x0000000008001164                Reset_Handler
 .text.Default_Handler
                0x00000000080011b4        0x2 Core/Startup/startup_stm32f407vgtx.o
                0x00000000080011b4                RTC_Alarm_IRQHandler
                0x00000000080011b4                HASH_RNG_IRQHandler
                0x00000000080011b4                EXTI2_IRQHandler
                0x00000000080011b4                TIM8_CC_IRQHandler
                0x00000000080011b4                TIM1_CC_IRQHandler
                0x00000000080011b4                DMA2_Stream5_IRQHandler
                0x00000000080011b4                DMA1_Stream5_IRQHandler
                0x00000000080011b4                PVD_IRQHandler
                0x00000000080011b4                SDIO_IRQHandler
                0x00000000080011b4                TAMP_STAMP_IRQHandler
                0x00000000080011b4                CAN2_RX1_IRQHandler
                0x00000000080011b4                EXTI3_IRQHandler
                0x00000000080011b4                TIM8_TRG_COM_TIM14_IRQHandler
                0x00000000080011b4                TIM1_UP_TIM10_IRQHandler
                0x00000000080011b4                TIM8_UP_TIM13_IRQHandler
                0x00000000080011b4                I2C3_ER_IRQHandler
                0x00000000080011b4                EXTI0_IRQHandler
                0x00000000080011b4                I2C2_EV_IRQHandler
                0x00000000080011b4                DMA1_Stream2_IRQHandler
                0x00000000080011b4                CAN1_RX0_IRQHandler
                0x00000000080011b4                FPU_IRQHandler
                0x00000000080011b4                OTG_HS_WKUP_IRQHandler
                0x00000000080011b4                CAN2_SCE_IRQHandler
                0x00000000080011b4                DMA2_Stream2_IRQHandler
                0x00000000080011b4                SPI1_IRQHandler
                0x00000000080011b4                TIM1_BRK_TIM9_IRQHandler
                0x00000000080011b4                DCMI_IRQHandler
                0x00000000080011b4                CAN2_RX0_IRQHandler
                0x00000000080011b4                DMA2_Stream3_IRQHandler
                0x00000000080011b4                USART6_IRQHandler
                0x00000000080011b4                USART3_IRQHandler
                0x00000000080011b4                CAN1_RX1_IRQHandler
                0x00000000080011b4                UART5_IRQHandler
                0x00000000080011b4                DMA2_Stream0_IRQHandler
                0x00000000080011b4                TIM4_IRQHandler
                0x00000000080011b4                I2C1_EV_IRQHandler
                0x00000000080011b4                DMA1_Stream6_IRQHandler
                0x00000000080011b4                DMA1_Stream1_IRQHandler
                0x00000000080011b4                UART4_IRQHandler
                0x00000000080011b4                TIM3_IRQHandler
                0x00000000080011b4                RCC_IRQHandler
                0x00000000080011b4                TIM8_BRK_TIM12_IRQHandler
                0x00000000080011b4                Default_Handler
                0x00000000080011b4                EXTI15_10_IRQHandler
                0x00000000080011b4                ADC_IRQHandler
                0x00000000080011b4                DMA1_Stream7_IRQHandler
                0x00000000080011b4                TIM7_IRQHandler
                0x00000000080011b4                CAN2_TX_IRQHandler
                0x00000000080011b4                TIM5_IRQHandler
                0x00000000080011b4                DMA2_Stream7_IRQHandler
                0x00000000080011b4                I2C3_EV_IRQHandler
                0x00000000080011b4                EXTI9_5_IRQHandler
                0x00000000080011b4                RTC_WKUP_IRQHandler
                0x00000000080011b4                ETH_WKUP_IRQHandler
                0x00000000080011b4                SPI2_IRQHandler
                0x00000000080011b4                OTG_HS_EP1_IN_IRQHandler
                0x00000000080011b4                DMA1_Stream0_IRQHandler
                0x00000000080011b4                CAN1_TX_IRQHandler
                0x00000000080011b4                EXTI4_IRQHandler
                0x00000000080011b4                FSMC_IRQHandler
                0x00000000080011b4                ETH_IRQHandler
                0x00000000080011b4                OTG_HS_EP1_OUT_IRQHandler
                0x00000000080011b4                WWDG_IRQHandler
                0x00000000080011b4                TIM2_IRQHandler
                0x00000000080011b4                OTG_FS_WKUP_IRQHandler
                0x00000000080011b4                TIM1_TRG_COM_TIM11_IRQHandler
                0x00000000080011b4                OTG_HS_IRQHandler
                0x00000000080011b4                EXTI1_IRQHandler
                0x00000000080011b4                I2C2_ER_IRQHandler
                0x00000000080011b4                DMA2_Stream1_IRQHandler
                0x00000000080011b4                CAN1_SCE_IRQHandler
                0x00000000080011b4                FLASH_IRQHandler
                0x00000000080011b4                DMA2_Stream4_IRQHandler
                0x00000000080011b4                USART1_IRQHandler
                0x00000000080011b4                OTG_FS_IRQHandler
                0x00000000080011b4                SPI3_IRQHandler
                0x00000000080011b4                DMA1_Stream4_IRQHandler
                0x00000000080011b4                I2C1_ER_IRQHandler
                0x00000000080011b4                DMA2_Stream6_IRQHandler
                0x00000000080011b4                DMA1_Stream3_IRQHandler
 *fill*         0x00000000080011b6        0x2 
 .text.HAL_Init
                0x00000000080011b8       0x44 Drivers/STM32F4xx_HAL_Driver/Src/stm32f4xx_hal.o
                0x00000000080011b8                HAL_Init
 .text.HAL_IncTick
                0x00000000080011fc       0x28 Drivers/STM32F4xx_HAL_Driver/Src/stm32f4xx_hal.o
                0x00000000080011fc                HAL_IncTick
 .text.HAL_GetTick
                0x0000000008001224       0x18 Drivers/STM32F4xx_HAL_Driver/Src/stm32f4xx_hal.o
                0x0000000008001224                HAL_GetTick
 .text.__NVIC_SetPriorityGrouping
                0x000000000800123c       0x48 Drivers/STM32F4xx_HAL_Driver/Src/stm32f4xx_hal_cortex.o
 .text.__NVIC_GetPriorityGrouping
                0x0000000008001284       0x1c Drivers/STM32F4xx_HAL_Driver/Src/stm32f4xx_hal_cortex.o
 .text.__NVIC_EnableIRQ
                0x00000000080012a0       0x3c Drivers/STM32F4xx_HAL_Driver/Src/stm32f4xx_hal_cortex.o
 .text.__NVIC_SetPriority
                0x00000000080012dc       0x54 Drivers/STM32F4xx_HAL_Driver/Src/stm32f4xx_hal_cortex.o
 .text.NVIC_EncodePriority
                0x0000000008001330       0x66 Drivers/STM32F4xx_HAL_Driver/Src/stm32f4xx_hal_cortex.o
 .text.HAL_NVIC_SetPriorityGrouping
                0x0000000008001396       0x16 Drivers/STM32F4xx_HAL_Driver/Src/stm32f4xx_hal_cortex.o
                0x0000000008001396                HAL_NVIC_SetPriorityGrouping
 .text.HAL_NVIC_SetPriority
                0x00000000080013ac       0x38 Drivers/STM32F4xx_HAL_Driver/Src/stm32f4xx_hal_cortex.o
                0x00000000080013ac                HAL_NVIC_SetPriority
 .text.HAL_NVIC_EnableIRQ
                0x00000000080013e4       0x1c Drivers/STM32F4xx_HAL_Driver/Src/stm32f4xx_hal_cortex.o
                0x00000000080013e4                HAL_NVIC_EnableIRQ
 .text.HAL_DMA_Abort
                0x0000000008001400       0xe0 Drivers/STM32F4xx_HAL_Driver/Src/stm32f4xx_hal_dma.o
                0x0000000008001400                HAL_DMA_Abort
 .text.HAL_DMA_Abort_IT
                0x00000000080014e0       0x44 Drivers/STM32F4xx_HAL_Driver/Src/stm32f4xx_hal_dma.o
                0x00000000080014e0                HAL_DMA_Abort_IT
 .text.HAL_GPIO_Init
                0x0000000008001524      0x338 Drivers/STM32F4xx_HAL_Driver/Src/stm32f4xx_hal_gpio.o
                0x0000000008001524                HAL_GPIO_Init
 .text.HAL_GPIO_WritePin
                0x000000000800185c       0x32 Drivers/STM32F4xx_HAL_Driver/Src/stm32f4xx_hal_gpio.o
                0x000000000800185c                HAL_GPIO_WritePin
 *fill*         0x000000000800188e        0x2 
 .text.HAL_RCC_OscConfig
                0x0000000008001890      0x4f0 Drivers/STM32F4xx_HAL_Driver/Src/stm32f4xx_hal_rcc.o
                0x0000000008001890                HAL_RCC_OscConfig
 .text.HAL_RCC_ClockConfig
                0x0000000008001d80      0x1cc Drivers/STM32F4xx_HAL_Driver/Src/stm32f4xx_hal_rcc.o
                0x0000000008001d80                HAL_RCC_ClockConfig
 .text.HAL_RCC_GetSysClockFreq
                0x0000000008001f4c      0x1c4 Drivers/STM32F4xx_HAL_Driver/Src/stm32f4xx_hal_rcc.o
                0x0000000008001f4c                HAL_RCC_GetSysClockFreq
 .text.HAL_RCC_GetHCLKFreq
                0x0000000008002110       0x18 Drivers/STM32F4xx_HAL_Driver/Src/stm32f4xx_hal_rcc.o
                0x0000000008002110                HAL_RCC_GetHCLKFreq
 .text.HAL_RCC_GetPCLK1Freq
                0x0000000008002128       0x28 Drivers/STM32F4xx_HAL_Driver/Src/stm32f4xx_hal_rcc.o
                0x0000000008002128                HAL_RCC_GetPCLK1Freq
 .text.HAL_RCC_GetPCLK2Freq
                0x0000000008002150       0x28 Drivers/STM32F4xx_HAL_Driver/Src/stm32f4xx_hal_rcc.o
                0x0000000008002150                HAL_RCC_GetPCLK2Freq
 .text.HAL_RCC_GetClockConfig
                0x0000000008002178       0x64 Drivers/STM32F4xx_HAL_Driver/Src/stm32f4xx_hal_rcc.o
                0x0000000008002178                HAL_RCC_GetClockConfig
 .text.HAL_TIM_Base_Init
                0x00000000080021dc       0x9e Drivers/STM32F4xx_HAL_Driver/Src/stm32f4xx_hal_tim.o
                0x00000000080021dc                HAL_TIM_Base_Init
 .text.HAL_TIM_Base_MspInit
                0x000000000800227a       0x14 Drivers/STM32F4xx_HAL_Driver/Src/stm32f4xx_hal_tim.o
                0x000000000800227a                HAL_TIM_Base_MspInit
 *fill*         0x000000000800228e        0x2 
 .text.HAL_TIM_Base_Start_IT
                0x0000000008002290       0xe0 Drivers/STM32F4xx_HAL_Driver/Src/stm32f4xx_hal_tim.o
                0x0000000008002290                HAL_TIM_Base_Start_IT
 .text.HAL_TIM_IRQHandler
                0x0000000008002370      0x210 Drivers/STM32F4xx_HAL_Driver/Src/stm32f4xx_hal_tim.o
                0x0000000008002370                HAL_TIM_IRQHandler
 .text.HAL_TIM_OC_DelayElapsedCallback
                0x0000000008002580       0x14 Drivers/STM32F4xx_HAL_Driver/Src/stm32f4xx_hal_tim.o
                0x0000000008002580                HAL_TIM_OC_DelayElapsedCallback
 .text.HAL_TIM_IC_CaptureCallback
                0x0000000008002594       0x14 Drivers/STM32F4xx_HAL_Driver/Src/stm32f4xx_hal_tim.o
                0x0000000008002594                HAL_TIM_IC_CaptureCallback
 .text.HAL_TIM_PWM_PulseFinishedCallback
                0x00000000080025a8       0x14 Drivers/STM32F4xx_HAL_Driver/Src/stm32f4xx_hal_tim.o
                0x00000000080025a8                HAL_TIM_PWM_PulseFinishedCallback
 .text.HAL_TIM_TriggerCallback
                0x00000000080025bc       0x14 Drivers/STM32F4xx_HAL_Driver/Src/stm32f4xx_hal_tim.o
                0x00000000080025bc                HAL_TIM_TriggerCallback
 .text.TIM_Base_SetConfig
                0x00000000080025d0      0x140 Drivers/STM32F4xx_HAL_Driver/Src/stm32f4xx_hal_tim.o
                0x00000000080025d0                TIM_Base_SetConfig
 .text.HAL_TIMEx_CommutCallback
                0x0000000008002710       0x14 Drivers/STM32F4xx_HAL_Driver/Src/stm32f4xx_hal_tim_ex.o
                0x0000000008002710                HAL_TIMEx_CommutCallback
 .text.HAL_TIMEx_BreakCallback
                0x0000000008002724       0x14 Drivers/STM32F4xx_HAL_Driver/Src/stm32f4xx_hal_tim_ex.o
                0x0000000008002724                HAL_TIMEx_BreakCallback
 .text.HAL_UART_Init
                0x0000000008002738       0x9a Drivers/STM32F4xx_HAL_Driver/Src/stm32f4xx_hal_uart.o
                0x0000000008002738                HAL_UART_Init
 .text.HAL_UART_Transmit
                0x00000000080027d2      0x124 Drivers/STM32F4xx_HAL_Driver/Src/stm32f4xx_hal_uart.o
                0x00000000080027d2                HAL_UART_Transmit
 .text.HAL_UART_Receive_IT
                0x00000000080028f6       0x60 Drivers/STM32F4xx_HAL_Driver/Src/stm32f4xx_hal_uart.o
                0x00000000080028f6                HAL_UART_Receive_IT
 *fill*         0x0000000008002956        0x2 
 .text.HAL_UART_IRQHandler
                0x0000000008002958      0x51c Drivers/STM32F4xx_HAL_Driver/Src/stm32f4xx_hal_uart.o
                0x0000000008002958                HAL_UART_IRQHandler
 .text.HAL_UART_TxCpltCallback
                0x0000000008002e74       0x14 Drivers/STM32F4xx_HAL_Driver/Src/stm32f4xx_hal_uart.o
                0x0000000008002e74                HAL_UART_TxCpltCallback
 .text.HAL_UART_ErrorCallback
                0x0000000008002e88       0x14 Drivers/STM32F4xx_HAL_Driver/Src/stm32f4xx_hal_uart.o
                0x0000000008002e88                HAL_UART_ErrorCallback
 .text.HAL_UARTEx_RxEventCallback
                0x0000000008002e9c       0x18 Drivers/STM32F4xx_HAL_Driver/Src/stm32f4xx_hal_uart.o
                0x0000000008002e9c                HAL_UARTEx_RxEventCallback
 .text.UART_WaitOnFlagUntilTimeout
                0x0000000008002eb4       0xdc Drivers/STM32F4xx_HAL_Driver/Src/stm32f4xx_hal_uart.o
 .text.UART_Start_Receive_IT
                0x0000000008002f90       0x74 Drivers/STM32F4xx_HAL_Driver/Src/stm32f4xx_hal_uart.o
                0x0000000008002f90                UART_Start_Receive_IT
 .text.UART_EndRxTransfer
                0x0000000008003004       0xc6 Drivers/STM32F4xx_HAL_Driver/Src/stm32f4xx_hal_uart.o
 .text.UART_DMAAbortOnError
                0x00000000080030ca       0x28 Drivers/STM32F4xx_HAL_Driver/Src/stm32f4xx_hal_uart.o
 .text.UART_Transmit_IT
                0x00000000080030f2       0xa0 Drivers/STM32F4xx_HAL_Driver/Src/stm32f4xx_hal_uart.o
 .text.UART_EndTransmit_IT
                0x0000000008003192       0x30 Drivers/STM32F4xx_HAL_Driver/Src/stm32f4xx_hal_uart.o
 .text.UART_Receive_IT
                0x00000000080031c2      0x176 Drivers/STM32F4xx_HAL_Driver/Src/stm32f4xx_hal_uart.o
 .text.UART_SetConfig
                0x0000000008003338      0x390 Drivers/STM32F4xx_HAL_Driver/Src/stm32f4xx_hal_uart.o
 .text.vListInitialise
                0x00000000080036c8       0x40 Middlewares/Third_Party/FreeRTOS/Source/list.o
                0x00000000080036c8                vListInitialise
 .text.vListInitialiseItem
                0x0000000008003708       0x1a Middlewares/Third_Party/FreeRTOS/Source/list.o
                0x0000000008003708                vListInitialiseItem
 .text.vListInsertEnd
                0x0000000008003722       0x48 Middlewares/Third_Party/FreeRTOS/Source/list.o
                0x0000000008003722                vListInsertEnd
 .text.vListInsert
                0x000000000800376a       0x72 Middlewares/Third_Party/FreeRTOS/Source/list.o
                0x000000000800376a                vListInsert
 .text.uxListRemove
                0x00000000080037dc       0x54 Middlewares/Third_Party/FreeRTOS/Source/list.o
                0x00000000080037dc                uxListRemove
 .text.xQueueGenericReset
                0x0000000008003830       0xd0 Middlewares/Third_Party/FreeRTOS/Source/queue.o
                0x0000000008003830                xQueueGenericReset
 .text.xQueueGenericCreate
                0x0000000008003900       0x74 Middlewares/Third_Party/FreeRTOS/Source/queue.o
                0x0000000008003900                xQueueGenericCreate
 .text.prvInitialiseNewQueue
                0x0000000008003974       0x3e Middlewares/Third_Party/FreeRTOS/Source/queue.o
 .text.xQueueCreateCountingSemaphore
                0x00000000080039b2       0x66 Middlewares/Third_Party/FreeRTOS/Source/queue.o
                0x00000000080039b2                xQueueCreateCountingSemaphore
 .text.xQueueGenericSend
                0x0000000008003a18      0x1fc Middlewares/Third_Party/FreeRTOS/Source/queue.o
                0x0000000008003a18                xQueueGenericSend
 .text.xQueueGiveFromISR
                0x0000000008003c14      0x11a Middlewares/Third_Party/FreeRTOS/Source/queue.o
                0x0000000008003c14                xQueueGiveFromISR
 *fill*         0x0000000008003d2e        0x2 
 .text.xQueueSemaphoreTake
                0x0000000008003d30      0x218 Middlewares/Third_Party/FreeRTOS/Source/queue.o
                0x0000000008003d30                xQueueSemaphoreTake
 .text.prvGetDisinheritPriorityAfterTimeout
                0x0000000008003f48       0x30 Middlewares/Third_Party/FreeRTOS/Source/queue.o
 .text.prvCopyDataToQueue
                0x0000000008003f78       0xd4 Middlewares/Third_Party/FreeRTOS/Source/queue.o
 .text.prvUnlockQueue
                0x000000000800404c       0xa4 Middlewares/Third_Party/FreeRTOS/Source/queue.o
 .text.prvIsQueueEmpty
                0x00000000080040f0       0x2c Middlewares/Third_Party/FreeRTOS/Source/queue.o
 .text.prvIsQueueFull
                0x000000000800411c       0x30 Middlewares/Third_Party/FreeRTOS/Source/queue.o
 .text.xTaskCreateStatic
                0x000000000800414c       0xba Middlewares/Third_Party/FreeRTOS/Source/tasks.o
                0x000000000800414c                xTaskCreateStatic
 .text.xTaskCreate
                0x0000000008004206       0x8a Middlewares/Third_Party/FreeRTOS/Source/tasks.o
                0x0000000008004206                xTaskCreate
 .text.prvInitialiseNewTask
                0x0000000008004290      0x10e Middlewares/Third_Party/FreeRTOS/Source/tasks.o
 *fill*         0x000000000800439e        0x2 
 .text.prvAddNewTaskToReadyList
                0x00000000080043a0       0xd4 Middlewares/Third_Party/FreeRTOS/Source/tasks.o
 .text.vTaskDelete
                0x0000000008004474      0x120 Middlewares/Third_Party/FreeRTOS/Source/tasks.o
                0x0000000008004474                vTaskDelete
 .text.vTaskStartScheduler
                0x0000000008004594       0xc0 Middlewares/Third_Party/FreeRTOS/Source/tasks.o
                0x0000000008004594                vTaskStartScheduler
 .text.vTaskSuspendAll
                0x0000000008004654       0x1c Middlewares/Third_Party/FreeRTOS/Source/tasks.o
                0x0000000008004654                vTaskSuspendAll
 .text.xTaskResumeAll
                0x0000000008004670      0x138 Middlewares/Third_Party/FreeRTOS/Source/tasks.o
                0x0000000008004670                xTaskResumeAll
 .text.xTaskIncrementTick
                0x00000000080047a8      0x170 Middlewares/Third_Party/FreeRTOS/Source/tasks.o
                0x00000000080047a8                xTaskIncrementTick
 .text.vTaskSwitchContext
                0x0000000008004918       0xb8 Middlewares/Third_Party/FreeRTOS/Source/tasks.o
                0x0000000008004918                vTaskSwitchContext
 .text.vTaskPlaceOnEventList
                0x00000000080049d0       0x48 Middlewares/Third_Party/FreeRTOS/Source/tasks.o
                0x00000000080049d0                vTaskPlaceOnEventList
 .text.xTaskRemoveFromEventList
                0x0000000008004a18       0xc4 Middlewares/Third_Party/FreeRTOS/Source/tasks.o
                0x0000000008004a18                xTaskRemoveFromEventList
 .text.vTaskInternalSetTimeOutState
                0x0000000008004adc       0x2c Middlewares/Third_Party/FreeRTOS/Source/tasks.o
                0x0000000008004adc                vTaskInternalSetTimeOutState
 .text.xTaskCheckForTimeOut
                0x0000000008004b08       0xc4 Middlewares/Third_Party/FreeRTOS/Source/tasks.o
                0x0000000008004b08                xTaskCheckForTimeOut
 .text.vTaskMissedYield
                0x0000000008004bcc       0x18 Middlewares/Third_Party/FreeRTOS/Source/tasks.o
                0x0000000008004bcc                vTaskMissedYield
 .text.prvIdleTask
                0x0000000008004be4       0x30 Middlewares/Third_Party/FreeRTOS/Source/tasks.o
 .text.prvInitialiseTaskLists
                0x0000000008004c14       0x80 Middlewares/Third_Party/FreeRTOS/Source/tasks.o
 .text.prvCheckTasksWaitingTermination
                0x0000000008004c94       0x5c Middlewares/Third_Party/FreeRTOS/Source/tasks.o
 .text.prvDeleteTCB
                0x0000000008004cf0       0x5e Middlewares/Third_Party/FreeRTOS/Source/tasks.o
 *fill*         0x0000000008004d4e        0x2 
 .text.prvResetNextTaskUnblockTime
                0x0000000008004d50       0x40 Middlewares/Third_Party/FreeRTOS/Source/tasks.o
 .text.xTaskGetSchedulerState
                0x0000000008004d90       0x3c Middlewares/Third_Party/FreeRTOS/Source/tasks.o
                0x0000000008004d90                xTaskGetSchedulerState
 .text.xTaskPriorityInherit
                0x0000000008004dcc       0xec Middlewares/Third_Party/FreeRTOS/Source/tasks.o
                0x0000000008004dcc                xTaskPriorityInherit
 .text.xTaskPriorityDisinherit
                0x0000000008004eb8      0x10c Middlewares/Third_Party/FreeRTOS/Source/tasks.o
                0x0000000008004eb8                xTaskPriorityDisinherit
 .text.vTaskPriorityDisinheritAfterTimeout
                0x0000000008004fc4      0x11c Middlewares/Third_Party/FreeRTOS/Source/tasks.o
                0x0000000008004fc4                vTaskPriorityDisinheritAfterTimeout
 .text.pvTaskIncrementMutexHeldCount
                0x00000000080050e0       0x28 Middlewares/Third_Party/FreeRTOS/Source/tasks.o
                0x00000000080050e0                pvTaskIncrementMutexHeldCount
 .text.prvAddCurrentTaskToDelayedList
                0x0000000008005108       0xcc Middlewares/Third_Party/FreeRTOS/Source/tasks.o
 .text.pxPortInitialiseStack
                0x00000000080051d4       0x68 Middlewares/Third_Party/FreeRTOS/Source/portable/GCC/ARM_CM4F/port.o
                0x00000000080051d4                pxPortInitialiseStack
 .text.prvTaskExitError
                0x000000000800523c       0x58 Middlewares/Third_Party/FreeRTOS/Source/portable/GCC/ARM_CM4F/port.o
 *fill*         0x0000000008005294        0xc 
 .text.SVC_Handler
                0x00000000080052a0       0x28 Middlewares/Third_Party/FreeRTOS/Source/portable/GCC/ARM_CM4F/port.o
                0x00000000080052a0                SVC_Handler
 .text.prvPortStartFirstTask
                0x00000000080052c8       0x28 Middlewares/Third_Party/FreeRTOS/Source/portable/GCC/ARM_CM4F/port.o
 .text.xPortStartScheduler
                0x00000000080052f0      0x144 Middlewares/Third_Party/FreeRTOS/Source/portable/GCC/ARM_CM4F/port.o
                0x00000000080052f0                xPortStartScheduler
 .text.vPortEnterCritical
                0x0000000008005434       0x60 Middlewares/Third_Party/FreeRTOS/Source/portable/GCC/ARM_CM4F/port.o
                0x0000000008005434                vPortEnterCritical
 .text.vPortExitCritical
                0x0000000008005494       0x54 Middlewares/Third_Party/FreeRTOS/Source/portable/GCC/ARM_CM4F/port.o
                0x0000000008005494                vPortExitCritical
 *fill*         0x00000000080054e8        0x8 
 .text.PendSV_Handler
                0x00000000080054f0       0x68 Middlewares/Third_Party/FreeRTOS/Source/portable/GCC/ARM_CM4F/port.o
                0x00000000080054f0                PendSV_Handler
 .text.SysTick_Handler
                0x0000000008005558       0x44 Middlewares/Third_Party/FreeRTOS/Source/portable/GCC/ARM_CM4F/port.o
                0x0000000008005558                SysTick_Handler
 .text.vPortSetupTimerInterrupt
                0x000000000800559c       0x48 Middlewares/Third_Party/FreeRTOS/Source/portable/GCC/ARM_CM4F/port.o
                0x000000000800559c                vPortSetupTimerInterrupt
 .text.vPortEnableVFP
                0x00000000080055e4       0x14 Middlewares/Third_Party/FreeRTOS/Source/portable/GCC/ARM_CM4F/port.o
 .text.vPortValidateInterruptPriority
                0x00000000080055f8       0x80 Middlewares/Third_Party/FreeRTOS/Source/portable/GCC/ARM_CM4F/port.o
                0x00000000080055f8                vPortValidateInterruptPriority
 .text.pvPortMalloc
                0x0000000008005678      0x198 Middlewares/Third_Party/FreeRTOS/Source/portable/MemMang/heap_4.o
                0x0000000008005678                pvPortMalloc
 .text.vPortFree
                0x0000000008005810       0xc4 Middlewares/Third_Party/FreeRTOS/Source/portable/MemMang/heap_4.o
                0x0000000008005810                vPortFree
 .text.prvHeapInit
                0x00000000080058d4       0xc4 Middlewares/Third_Party/FreeRTOS/Source/portable/MemMang/heap_4.o
 .text.prvInsertBlockIntoFreeList
                0x0000000008005998       0xb4 Middlewares/Third_Party/FreeRTOS/Source/portable/MemMang/heap_4.o
 .text.__libc_init_array
                0x0000000008005a4c       0x48 c:/st/stm32cubeide_1.6.0/stm32cubeide/plugins/com.st.stm32cube.ide.mcu.externaltools.gnu-tools-for-stm32.9-2020-q2-update.win32_1.5.0.202011040924/tools/bin/../lib/gcc/arm-none-eabi/9.3.1/../../../../arm-none-eabi/lib/thumb/v7e-m+fp/hard\libc_nano.a(lib_a-init.o)
                0x0000000008005a4c                __libc_init_array
 .text.__itoa   0x0000000008005a94       0x30 c:/st/stm32cubeide_1.6.0/stm32cubeide/plugins/com.st.stm32cube.ide.mcu.externaltools.gnu-tools-for-stm32.9-2020-q2-update.win32_1.5.0.202011040924/tools/bin/../lib/gcc/arm-none-eabi/9.3.1/../../../../arm-none-eabi/lib/thumb/v7e-m+fp/hard\libc_nano.a(lib_a-itoa.o)
                0x0000000008005a94                __itoa
 .text.itoa     0x0000000008005ac4        0x4 c:/st/stm32cubeide_1.6.0/stm32cubeide/plugins/com.st.stm32cube.ide.mcu.externaltools.gnu-tools-for-stm32.9-2020-q2-update.win32_1.5.0.202011040924/tools/bin/../lib/gcc/arm-none-eabi/9.3.1/../../../../arm-none-eabi/lib/thumb/v7e-m+fp/hard\libc_nano.a(lib_a-itoa.o)
                0x0000000008005ac4                itoa
 .text.memcpy   0x0000000008005ac8       0x1c c:/st/stm32cubeide_1.6.0/stm32cubeide/plugins/com.st.stm32cube.ide.mcu.externaltools.gnu-tools-for-stm32.9-2020-q2-update.win32_1.5.0.202011040924/tools/bin/../lib/gcc/arm-none-eabi/9.3.1/../../../../arm-none-eabi/lib/thumb/v7e-m+fp/hard\libc_nano.a(lib_a-memcpy-stub.o)
                0x0000000008005ac8                memcpy
 .text.memset   0x0000000008005ae4       0x10 c:/st/stm32cubeide_1.6.0/stm32cubeide/plugins/com.st.stm32cube.ide.mcu.externaltools.gnu-tools-for-stm32.9-2020-q2-update.win32_1.5.0.202011040924/tools/bin/../lib/gcc/arm-none-eabi/9.3.1/../../../../arm-none-eabi/lib/thumb/v7e-m+fp/hard\libc_nano.a(lib_a-memset.o)
                0x0000000008005ae4                memset
 .text.strcat   0x0000000008005af4       0x1e c:/st/stm32cubeide_1.6.0/stm32cubeide/plugins/com.st.stm32cube.ide.mcu.externaltools.gnu-tools-for-stm32.9-2020-q2-update.win32_1.5.0.202011040924/tools/bin/../lib/gcc/arm-none-eabi/9.3.1/../../../../arm-none-eabi/lib/thumb/v7e-m+fp/hard\libc_nano.a(lib_a-strcat.o)
                0x0000000008005af4                strcat
 *fill*         0x0000000008005b12        0x2 
 .text.__utoa   0x0000000008005b14       0x84 c:/st/stm32cubeide_1.6.0/stm32cubeide/plugins/com.st.stm32cube.ide.mcu.externaltools.gnu-tools-for-stm32.9-2020-q2-update.win32_1.5.0.202011040924/tools/bin/../lib/gcc/arm-none-eabi/9.3.1/../../../../arm-none-eabi/lib/thumb/v7e-m+fp/hard\libc_nano.a(lib_a-utoa.o)
                0x0000000008005b14                __utoa
 *(.glue_7)
 .glue_7        0x0000000008005b98        0x0 linker stubs
 *(.glue_7t)
 .glue_7t       0x0000000008005b98        0x0 linker stubs
 *(.eh_frame)
 .eh_frame      0x0000000008005b98        0x0 c:/st/stm32cubeide_1.6.0/stm32cubeide/plugins/com.st.stm32cube.ide.mcu.externaltools.gnu-tools-for-stm32.9-2020-q2-update.win32_1.5.0.202011040924/tools/bin/../lib/gcc/arm-none-eabi/9.3.1/thumb/v7e-m+fp/hard/crtbegin.o
 *(.init)
 .init          0x0000000008005b98        0x4 c:/st/stm32cubeide_1.6.0/stm32cubeide/plugins/com.st.stm32cube.ide.mcu.externaltools.gnu-tools-for-stm32.9-2020-q2-update.win32_1.5.0.202011040924/tools/bin/../lib/gcc/arm-none-eabi/9.3.1/thumb/v7e-m+fp/hard/crti.o
                0x0000000008005b98                _init
 .init          0x0000000008005b9c        0x8 c:/st/stm32cubeide_1.6.0/stm32cubeide/plugins/com.st.stm32cube.ide.mcu.externaltools.gnu-tools-for-stm32.9-2020-q2-update.win32_1.5.0.202011040924/tools/bin/../lib/gcc/arm-none-eabi/9.3.1/thumb/v7e-m+fp/hard/crtn.o
 *(.fini)
 .fini          0x0000000008005ba4        0x4 c:/st/stm32cubeide_1.6.0/stm32cubeide/plugins/com.st.stm32cube.ide.mcu.externaltools.gnu-tools-for-stm32.9-2020-q2-update.win32_1.5.0.202011040924/tools/bin/../lib/gcc/arm-none-eabi/9.3.1/thumb/v7e-m+fp/hard/crti.o
                0x0000000008005ba4                _fini
 .fini          0x0000000008005ba8        0x8 c:/st/stm32cubeide_1.6.0/stm32cubeide/plugins/com.st.stm32cube.ide.mcu.externaltools.gnu-tools-for-stm32.9-2020-q2-update.win32_1.5.0.202011040924/tools/bin/../lib/gcc/arm-none-eabi/9.3.1/thumb/v7e-m+fp/hard/crtn.o
                0x0000000008005bb0                . = ALIGN (0x4)
                0x0000000008005bb0                _etext = .

.vfp11_veneer   0x0000000008005bb0        0x0
 .vfp11_veneer  0x0000000008005bb0        0x0 linker stubs

.v4_bx          0x0000000008005bb0        0x0
 .v4_bx         0x0000000008005bb0        0x0 linker stubs

.iplt           0x0000000008005bb0        0x0
 .iplt          0x0000000008005bb0        0x0 c:/st/stm32cubeide_1.6.0/stm32cubeide/plugins/com.st.stm32cube.ide.mcu.externaltools.gnu-tools-for-stm32.9-2020-q2-update.win32_1.5.0.202011040924/tools/bin/../lib/gcc/arm-none-eabi/9.3.1/thumb/v7e-m+fp/hard/crtbegin.o

.rodata         0x0000000008005bb0      0x23c
                0x0000000008005bb0                . = ALIGN (0x4)
 *(.rodata)
 .rodata        0x0000000008005bb0      0x1f3 Core/Src/main.o
 *fill*         0x0000000008005da3        0x1 
 .rodata        0x0000000008005da4        0x5 Middlewares/Third_Party/FreeRTOS/Source/tasks.o
 *(.rodata*)
 *fill*         0x0000000008005da9        0x3 
 .rodata.AHBPrescTable
                0x0000000008005dac       0x10 Core/Src/system_stm32f4xx.o
                0x0000000008005dac                AHBPrescTable
 .rodata.APBPrescTable
                0x0000000008005dbc        0x8 Core/Src/system_stm32f4xx.o
                0x0000000008005dbc                APBPrescTable
 .rodata.__utoa.str1.1
                0x0000000008005dc4       0x25 c:/st/stm32cubeide_1.6.0/stm32cubeide/plugins/com.st.stm32cube.ide.mcu.externaltools.gnu-tools-for-stm32.9-2020-q2-update.win32_1.5.0.202011040924/tools/bin/../lib/gcc/arm-none-eabi/9.3.1/../../../../arm-none-eabi/lib/thumb/v7e-m+fp/hard\libc_nano.a(lib_a-utoa.o)
                0x0000000008005dec                . = ALIGN (0x4)
 *fill*         0x0000000008005de9        0x3 

.ARM.extab      0x0000000008005dec        0x0
                0x0000000008005dec                . = ALIGN (0x4)
 *(.ARM.extab* .gnu.linkonce.armextab.*)
                0x0000000008005dec                . = ALIGN (0x4)

.ARM            0x0000000008005dec        0x8
                0x0000000008005dec                . = ALIGN (0x4)
                0x0000000008005dec                __exidx_start = .
 *(.ARM.exidx*)
 .ARM.exidx     0x0000000008005dec        0x8 c:/st/stm32cubeide_1.6.0/stm32cubeide/plugins/com.st.stm32cube.ide.mcu.externaltools.gnu-tools-for-stm32.9-2020-q2-update.win32_1.5.0.202011040924/tools/bin/../lib/gcc/arm-none-eabi/9.3.1/thumb/v7e-m+fp/hard\libgcc.a(_udivmoddi4.o)
                0x0000000008005df4                __exidx_end = .
                0x0000000008005df4                . = ALIGN (0x4)

.rel.dyn        0x0000000008005df4        0x0
 .rel.iplt      0x0000000008005df4        0x0 c:/st/stm32cubeide_1.6.0/stm32cubeide/plugins/com.st.stm32cube.ide.mcu.externaltools.gnu-tools-for-stm32.9-2020-q2-update.win32_1.5.0.202011040924/tools/bin/../lib/gcc/arm-none-eabi/9.3.1/thumb/v7e-m+fp/hard/crtbegin.o

.preinit_array  0x0000000008005df4        0x0
                0x0000000008005df4                . = ALIGN (0x4)
                0x0000000008005df4                PROVIDE (__preinit_array_start = .)
 *(.preinit_array*)
                0x0000000008005df4                PROVIDE (__preinit_array_end = .)
                0x0000000008005df4                . = ALIGN (0x4)

.init_array     0x0000000008005df4        0x4
                0x0000000008005df4                . = ALIGN (0x4)
                0x0000000008005df4                PROVIDE (__init_array_start = .)
 *(SORT_BY_NAME(.init_array.*))
 *(.init_array*)
 .init_array    0x0000000008005df4        0x4 c:/st/stm32cubeide_1.6.0/stm32cubeide/plugins/com.st.stm32cube.ide.mcu.externaltools.gnu-tools-for-stm32.9-2020-q2-update.win32_1.5.0.202011040924/tools/bin/../lib/gcc/arm-none-eabi/9.3.1/thumb/v7e-m+fp/hard/crtbegin.o
                0x0000000008005df8                PROVIDE (__init_array_end = .)
                0x0000000008005df8                . = ALIGN (0x4)

.fini_array     0x0000000008005df8        0x4
                0x0000000008005df8                . = ALIGN (0x4)
                [!provide]                        PROVIDE (__fini_array_start = .)
 *(SORT_BY_NAME(.fini_array.*))
 *(.fini_array*)
 .fini_array    0x0000000008005df8        0x4 c:/st/stm32cubeide_1.6.0/stm32cubeide/plugins/com.st.stm32cube.ide.mcu.externaltools.gnu-tools-for-stm32.9-2020-q2-update.win32_1.5.0.202011040924/tools/bin/../lib/gcc/arm-none-eabi/9.3.1/thumb/v7e-m+fp/hard/crtbegin.o
                [!provide]                        PROVIDE (__fini_array_end = .)
                0x0000000008005dfc                . = ALIGN (0x4)
                0x0000000008005dfc                _sidata = LOADADDR (.data)

.data           0x0000000020000000       0x1c load address 0x0000000008005dfc
                0x0000000020000000                . = ALIGN (0x4)
                0x0000000020000000                _sdata = .
 *(.data)
 *(.data*)
 .data.resource
                0x0000000020000000        0xc Core/Src/main.o
                0x0000000020000000                resource
 .data.SystemCoreClock
                0x000000002000000c        0x4 Core/Src/system_stm32f4xx.o
                0x000000002000000c                SystemCoreClock
 .data.uwTickPrio
                0x0000000020000010        0x4 Drivers/STM32F4xx_HAL_Driver/Src/stm32f4xx_hal.o
                0x0000000020000010                uwTickPrio
 .data.uwTickFreq
                0x0000000020000014        0x1 Drivers/STM32F4xx_HAL_Driver/Src/stm32f4xx_hal.o
                0x0000000020000014                uwTickFreq
 *fill*         0x0000000020000015        0x3 
 .data.uxCriticalNesting
                0x0000000020000018        0x4 Middlewares/Third_Party/FreeRTOS/Source/portable/GCC/ARM_CM4F/port.o
 *(.RamFunc)
 *(.RamFunc*)
                0x000000002000001c                . = ALIGN (0x4)
                0x000000002000001c                _edata = .

.igot.plt       0x000000002000001c        0x0 load address 0x0000000008005e18
 .igot.plt      0x000000002000001c        0x0 c:/st/stm32cubeide_1.6.0/stm32cubeide/plugins/com.st.stm32cube.ide.mcu.externaltools.gnu-tools-for-stm32.9-2020-q2-update.win32_1.5.0.202011040924/tools/bin/../lib/gcc/arm-none-eabi/9.3.1/thumb/v7e-m+fp/hard/crtbegin.o
                0x000000002000001c                . = ALIGN (0x4)

.bss            0x000000002000001c     0x4070 load address 0x0000000008005e18
                0x000000002000001c                _sbss = .
                0x000000002000001c                __bss_start__ = _sbss
 *(.bss)
 .bss           0x000000002000001c       0x1c c:/st/stm32cubeide_1.6.0/stm32cubeide/plugins/com.st.stm32cube.ide.mcu.externaltools.gnu-tools-for-stm32.9-2020-q2-update.win32_1.5.0.202011040924/tools/bin/../lib/gcc/arm-none-eabi/9.3.1/thumb/v7e-m+fp/hard/crtbegin.o
 *(.bss*)
 .bss.xIdleTaskTCBBuffer
                0x0000000020000038       0x54 Core/Src/freertos.o
 .bss.xIdleStack
                0x000000002000008c      0x200 Core/Src/freertos.o
 .bss.indx      0x000000002000028c        0x4 Core/Src/main.o
                0x000000002000028c                indx
 .bss.rx_data   0x0000000020000290        0x1 Core/Src/main.o
                0x0000000020000290                rx_data
 *fill*         0x0000000020000291        0x3 
 .bss.pxCurrentTCB
                0x0000000020000294        0x4 Middlewares/Third_Party/FreeRTOS/Source/tasks.o
                0x0000000020000294                pxCurrentTCB
 .bss.pxReadyTasksLists
                0x0000000020000298       0x8c Middlewares/Third_Party/FreeRTOS/Source/tasks.o
 .bss.xDelayedTaskList1
                0x0000000020000324       0x14 Middlewares/Third_Party/FreeRTOS/Source/tasks.o
 .bss.xDelayedTaskList2
                0x0000000020000338       0x14 Middlewares/Third_Party/FreeRTOS/Source/tasks.o
 .bss.pxDelayedTaskList
                0x000000002000034c        0x4 Middlewares/Third_Party/FreeRTOS/Source/tasks.o
 .bss.pxOverflowDelayedTaskList
                0x0000000020000350        0x4 Middlewares/Third_Party/FreeRTOS/Source/tasks.o
 .bss.xPendingReadyList
                0x0000000020000354       0x14 Middlewares/Third_Party/FreeRTOS/Source/tasks.o
 .bss.xTasksWaitingTermination
                0x0000000020000368       0x14 Middlewares/Third_Party/FreeRTOS/Source/tasks.o
 .bss.uxDeletedTasksWaitingCleanUp
                0x000000002000037c        0x4 Middlewares/Third_Party/FreeRTOS/Source/tasks.o
 .bss.xSuspendedTaskList
                0x0000000020000380       0x14 Middlewares/Third_Party/FreeRTOS/Source/tasks.o
 .bss.uxCurrentNumberOfTasks
                0x0000000020000394        0x4 Middlewares/Third_Party/FreeRTOS/Source/tasks.o
 .bss.xTickCount
                0x0000000020000398        0x4 Middlewares/Third_Party/FreeRTOS/Source/tasks.o
 .bss.uxTopReadyPriority
                0x000000002000039c        0x4 Middlewares/Third_Party/FreeRTOS/Source/tasks.o
 .bss.xSchedulerRunning
                0x00000000200003a0        0x4 Middlewares/Third_Party/FreeRTOS/Source/tasks.o
 .bss.xPendedTicks
                0x00000000200003a4        0x4 Middlewares/Third_Party/FreeRTOS/Source/tasks.o
 .bss.xYieldPending
                0x00000000200003a8        0x4 Middlewares/Third_Party/FreeRTOS/Source/tasks.o
 .bss.xNumOfOverflows
                0x00000000200003ac        0x4 Middlewares/Third_Party/FreeRTOS/Source/tasks.o
 .bss.uxTaskNumber
                0x00000000200003b0        0x4 Middlewares/Third_Party/FreeRTOS/Source/tasks.o
 .bss.xNextTaskUnblockTime
                0x00000000200003b4        0x4 Middlewares/Third_Party/FreeRTOS/Source/tasks.o
 .bss.xIdleTaskHandle
                0x00000000200003b8        0x4 Middlewares/Third_Party/FreeRTOS/Source/tasks.o
 .bss.uxSchedulerSuspended
                0x00000000200003bc        0x4 Middlewares/Third_Party/FreeRTOS/Source/tasks.o
 .bss.ucMaxSysCallPriority
                0x00000000200003c0        0x1 Middlewares/Third_Party/FreeRTOS/Source/portable/GCC/ARM_CM4F/port.o
 *fill*         0x00000000200003c1        0x3 
 .bss.ulMaxPRIGROUPValue
                0x00000000200003c4        0x4 Middlewares/Third_Party/FreeRTOS/Source/portable/GCC/ARM_CM4F/port.o
 .bss.ucHeap    0x00000000200003c8     0x3c00 Middlewares/Third_Party/FreeRTOS/Source/portable/MemMang/heap_4.o
 .bss.xStart    0x0000000020003fc8        0x8 Middlewares/Third_Party/FreeRTOS/Source/portable/MemMang/heap_4.o
 .bss.pxEnd     0x0000000020003fd0        0x4 Middlewares/Third_Party/FreeRTOS/Source/portable/MemMang/heap_4.o
 .bss.xFreeBytesRemaining
                0x0000000020003fd4        0x4 Middlewares/Third_Party/FreeRTOS/Source/portable/MemMang/heap_4.o
 .bss.xMinimumEverFreeBytesRemaining
                0x0000000020003fd8        0x4 Middlewares/Third_Party/FreeRTOS/Source/portable/MemMang/heap_4.o
 .bss.xNumberOfSuccessfulAllocations
                0x0000000020003fdc        0x4 Middlewares/Third_Party/FreeRTOS/Source/portable/MemMang/heap_4.o
 .bss.xNumberOfSuccessfulFrees
                0x0000000020003fe0        0x4 Middlewares/Third_Party/FreeRTOS/Source/portable/MemMang/heap_4.o
 .bss.xBlockAllocatedBit
                0x0000000020003fe4        0x4 Middlewares/Third_Party/FreeRTOS/Source/portable/MemMang/heap_4.o
 *(COMMON)
 COMMON         0x0000000020003fe8       0x58 Core/Src/main.o
                0x0000000020003fe8                HPThandler
                0x0000000020003fec                MPThandler
                0x0000000020003ff0                VLPThandler
                0x0000000020003ff4                CountingSemaphore
                0x0000000020003ff8                huart2
                0x000000002000403c                LPThandler
 COMMON         0x0000000020004040       0x48 Core/Src/stm32f4xx_hal_timebase_tim.o
                0x0000000020004040                htim6
 COMMON         0x0000000020004088        0x4 Drivers/STM32F4xx_HAL_Driver/Src/stm32f4xx_hal.o
                0x0000000020004088                uwTick
                0x000000002000408c                . = ALIGN (0x4)
                0x000000002000408c                _ebss = .
                0x000000002000408c                __bss_end__ = _ebss

._user_heap_stack
                0x000000002000408c      0x604 load address 0x0000000008005e18
                0x0000000020004090                . = ALIGN (0x8)
 *fill*         0x000000002000408c        0x4 
                [!provide]                        PROVIDE (end = .)
                0x0000000020004090                PROVIDE (_end = .)
                0x0000000020004290                . = (. + _Min_Heap_Size)
 *fill*         0x0000000020004090      0x200 
                0x0000000020004690                . = (. + _Min_Stack_Size)
 *fill*         0x0000000020004290      0x400 
                0x0000000020004690                . = ALIGN (0x8)

/DISCARD/
 libc.a(*)
 libm.a(*)
 libgcc.a(*)

.ARM.attributes
                0x0000000000000000       0x30
 *(.ARM.attributes)
 .ARM.attributes
                0x0000000000000000       0x1e c:/st/stm32cubeide_1.6.0/stm32cubeide/plugins/com.st.stm32cube.ide.mcu.externaltools.gnu-tools-for-stm32.9-2020-q2-update.win32_1.5.0.202011040924/tools/bin/../lib/gcc/arm-none-eabi/9.3.1/thumb/v7e-m+fp/hard/crti.o
 .ARM.attributes
                0x000000000000001e       0x34 c:/st/stm32cubeide_1.6.0/stm32cubeide/plugins/com.st.stm32cube.ide.mcu.externaltools.gnu-tools-for-stm32.9-2020-q2-update.win32_1.5.0.202011040924/tools/bin/../lib/gcc/arm-none-eabi/9.3.1/thumb/v7e-m+fp/hard/crtbegin.o
 .ARM.attributes
                0x0000000000000052       0x34 Core/Src/freertos.o
 .ARM.attributes
                0x0000000000000086       0x34 Core/Src/main.o
 .ARM.attributes
                0x00000000000000ba       0x34 Core/Src/stm32f4xx_hal_msp.o
 .ARM.attributes
                0x00000000000000ee       0x34 Core/Src/stm32f4xx_hal_timebase_tim.o
 .ARM.attributes
                0x0000000000000122       0x34 Core/Src/stm32f4xx_it.o
 .ARM.attributes
                0x0000000000000156       0x34 Core/Src/system_stm32f4xx.o
 .ARM.attributes
                0x000000000000018a       0x21 Core/Startup/startup_stm32f407vgtx.o
 .ARM.attributes
                0x00000000000001ab       0x34 Drivers/STM32F4xx_HAL_Driver/Src/stm32f4xx_hal.o
 .ARM.attributes
                0x00000000000001df       0x34 Drivers/STM32F4xx_HAL_Driver/Src/stm32f4xx_hal_cortex.o
 .ARM.attributes
                0x0000000000000213       0x34 Drivers/STM32F4xx_HAL_Driver/Src/stm32f4xx_hal_dma.o
 .ARM.attributes
                0x0000000000000247       0x34 Drivers/STM32F4xx_HAL_Driver/Src/stm32f4xx_hal_gpio.o
 .ARM.attributes
                0x000000000000027b       0x34 Drivers/STM32F4xx_HAL_Driver/Src/stm32f4xx_hal_rcc.o
 .ARM.attributes
                0x00000000000002af       0x34 Drivers/STM32F4xx_HAL_Driver/Src/stm32f4xx_hal_tim.o
 .ARM.attributes
                0x00000000000002e3       0x34 Drivers/STM32F4xx_HAL_Driver/Src/stm32f4xx_hal_tim_ex.o
 .ARM.attributes
                0x0000000000000317       0x34 Drivers/STM32F4xx_HAL_Driver/Src/stm32f4xx_hal_uart.o
 .ARM.attributes
                0x000000000000034b       0x34 Middlewares/Third_Party/FreeRTOS/Source/list.o
 .ARM.attributes
                0x000000000000037f       0x34 Middlewares/Third_Party/FreeRTOS/Source/queue.o
 .ARM.attributes
                0x00000000000003b3       0x34 Middlewares/Third_Party/FreeRTOS/Source/tasks.o
 .ARM.attributes
                0x00000000000003e7       0x34 Middlewares/Third_Party/FreeRTOS/Source/portable/GCC/ARM_CM4F/port.o
 .ARM.attributes
                0x000000000000041b       0x34 Middlewares/Third_Party/FreeRTOS/Source/portable/MemMang/heap_4.o
 .ARM.attributes
                0x000000000000044f       0x34 c:/st/stm32cubeide_1.6.0/stm32cubeide/plugins/com.st.stm32cube.ide.mcu.externaltools.gnu-tools-for-stm32.9-2020-q2-update.win32_1.5.0.202011040924/tools/bin/../lib/gcc/arm-none-eabi/9.3.1/../../../../arm-none-eabi/lib/thumb/v7e-m+fp/hard\libc_nano.a(lib_a-init.o)
 .ARM.attributes
                0x0000000000000483       0x34 c:/st/stm32cubeide_1.6.0/stm32cubeide/plugins/com.st.stm32cube.ide.mcu.externaltools.gnu-tools-for-stm32.9-2020-q2-update.win32_1.5.0.202011040924/tools/bin/../lib/gcc/arm-none-eabi/9.3.1/../../../../arm-none-eabi/lib/thumb/v7e-m+fp/hard\libc_nano.a(lib_a-itoa.o)
 .ARM.attributes
                0x00000000000004b7       0x34 c:/st/stm32cubeide_1.6.0/stm32cubeide/plugins/com.st.stm32cube.ide.mcu.externaltools.gnu-tools-for-stm32.9-2020-q2-update.win32_1.5.0.202011040924/tools/bin/../lib/gcc/arm-none-eabi/9.3.1/../../../../arm-none-eabi/lib/thumb/v7e-m+fp/hard\libc_nano.a(lib_a-memcpy-stub.o)
 .ARM.attributes
                0x00000000000004eb       0x34 c:/st/stm32cubeide_1.6.0/stm32cubeide/plugins/com.st.stm32cube.ide.mcu.externaltools.gnu-tools-for-stm32.9-2020-q2-update.win32_1.5.0.202011040924/tools/bin/../lib/gcc/arm-none-eabi/9.3.1/../../../../arm-none-eabi/lib/thumb/v7e-m+fp/hard\libc_nano.a(lib_a-memset.o)
 .ARM.attributes
                0x000000000000051f       0x34 c:/st/stm32cubeide_1.6.0/stm32cubeide/plugins/com.st.stm32cube.ide.mcu.externaltools.gnu-tools-for-stm32.9-2020-q2-update.win32_1.5.0.202011040924/tools/bin/../lib/gcc/arm-none-eabi/9.3.1/../../../../arm-none-eabi/lib/thumb/v7e-m+fp/hard\libc_nano.a(lib_a-strcat.o)
 .ARM.attributes
                0x0000000000000553       0x17 c:/st/stm32cubeide_1.6.0/stm32cubeide/plugins/com.st.stm32cube.ide.mcu.externaltools.gnu-tools-for-stm32.9-2020-q2-update.win32_1.5.0.202011040924/tools/bin/../lib/gcc/arm-none-eabi/9.3.1/../../../../arm-none-eabi/lib/thumb/v7e-m+fp/hard\libc_nano.a(lib_a-strlen.o)
 .ARM.attributes
                0x000000000000056a       0x34 c:/st/stm32cubeide_1.6.0/stm32cubeide/plugins/com.st.stm32cube.ide.mcu.externaltools.gnu-tools-for-stm32.9-2020-q2-update.win32_1.5.0.202011040924/tools/bin/../lib/gcc/arm-none-eabi/9.3.1/../../../../arm-none-eabi/lib/thumb/v7e-m+fp/hard\libc_nano.a(lib_a-utoa.o)
 .ARM.attributes
                0x000000000000059e       0x1e c:/st/stm32cubeide_1.6.0/stm32cubeide/plugins/com.st.stm32cube.ide.mcu.externaltools.gnu-tools-for-stm32.9-2020-q2-update.win32_1.5.0.202011040924/tools/bin/../lib/gcc/arm-none-eabi/9.3.1/thumb/v7e-m+fp/hard\libgcc.a(_aeabi_uldivmod.o)
 .ARM.attributes
                0x00000000000005bc       0x34 c:/st/stm32cubeide_1.6.0/stm32cubeide/plugins/com.st.stm32cube.ide.mcu.externaltools.gnu-tools-for-stm32.9-2020-q2-update.win32_1.5.0.202011040924/tools/bin/../lib/gcc/arm-none-eabi/9.3.1/thumb/v7e-m+fp/hard\libgcc.a(_udivmoddi4.o)
 .ARM.attributes
                0x00000000000005f0       0x1e c:/st/stm32cubeide_1.6.0/stm32cubeide/plugins/com.st.stm32cube.ide.mcu.externaltools.gnu-tools-for-stm32.9-2020-q2-update.win32_1.5.0.202011040924/tools/bin/../lib/gcc/arm-none-eabi/9.3.1/thumb/v7e-m+fp/hard\libgcc.a(_dvmd_tls.o)
 .ARM.attributes
                0x000000000000060e       0x1e c:/st/stm32cubeide_1.6.0/stm32cubeide/plugins/com.st.stm32cube.ide.mcu.externaltools.gnu-tools-for-stm32.9-2020-q2-update.win32_1.5.0.202011040924/tools/bin/../lib/gcc/arm-none-eabi/9.3.1/thumb/v7e-m+fp/hard/crtn.o
OUTPUT(FreeRTOS_CountingSemaphore_Tutorial4.elf elf32-littlearm)
LOAD linker stubs
LOAD c:/st/stm32cubeide_1.6.0/stm32cubeide/plugins/com.st.stm32cube.ide.mcu.externaltools.gnu-tools-for-stm32.9-2020-q2-update.win32_1.5.0.202011040924/tools/bin/../lib/gcc/arm-none-eabi/9.3.1/../../../../arm-none-eabi/lib/thumb/v7e-m+fp/hard\libc.a
LOAD c:/st/stm32cubeide_1.6.0/stm32cubeide/plugins/com.st.stm32cube.ide.mcu.externaltools.gnu-tools-for-stm32.9-2020-q2-update.win32_1.5.0.202011040924/tools/bin/../lib/gcc/arm-none-eabi/9.3.1/../../../../arm-none-eabi/lib/thumb/v7e-m+fp/hard\libm.a
LOAD c:/st/stm32cubeide_1.6.0/stm32cubeide/plugins/com.st.stm32cube.ide.mcu.externaltools.gnu-tools-for-stm32.9-2020-q2-update.win32_1.5.0.202011040924/tools/bin/../lib/gcc/arm-none-eabi/9.3.1/thumb/v7e-m+fp/hard\libgcc.a

.debug_info     0x0000000000000000    0x1539a
 .debug_info    0x0000000000000000      0x36d Core/Src/freertos.o
 .debug_info    0x000000000000036d     0x1b2d Core/Src/main.o
 .debug_info    0x0000000000001e9a      0xc1f Core/Src/stm32f4xx_hal_msp.o
 .debug_info    0x0000000000002ab9      0xc6c Core/Src/stm32f4xx_hal_timebase_tim.o
 .debug_info    0x0000000000003725      0xa39 Core/Src/stm32f4xx_it.o
 .debug_info    0x000000000000415e      0x5a4 Core/Src/system_stm32f4xx.o
 .debug_info    0x0000000000004702       0x22 Core/Startup/startup_stm32f407vgtx.o
 .debug_info    0x0000000000004724      0x9b2 Drivers/STM32F4xx_HAL_Driver/Src/stm32f4xx_hal.o
 .debug_info    0x00000000000050d6      0xed7 Drivers/STM32F4xx_HAL_Driver/Src/stm32f4xx_hal_cortex.o
 .debug_info    0x0000000000005fad      0x9f1 Drivers/STM32F4xx_HAL_Driver/Src/stm32f4xx_hal_dma.o
 .debug_info    0x000000000000699e      0x83e Drivers/STM32F4xx_HAL_Driver/Src/stm32f4xx_hal_gpio.o
 .debug_info    0x00000000000071dc      0x996 Drivers/STM32F4xx_HAL_Driver/Src/stm32f4xx_hal_rcc.o
 .debug_info    0x0000000000007b72     0x2c22 Drivers/STM32F4xx_HAL_Driver/Src/stm32f4xx_hal_tim.o
 .debug_info    0x000000000000a794     0x15a2 Drivers/STM32F4xx_HAL_Driver/Src/stm32f4xx_hal_tim_ex.o
 .debug_info    0x000000000000bd36     0x31de Drivers/STM32F4xx_HAL_Driver/Src/stm32f4xx_hal_uart.o
 .debug_info    0x000000000000ef14      0xb82 Middlewares/Third_Party/FreeRTOS/Source/list.o
 .debug_info    0x000000000000fa96     0x2114 Middlewares/Third_Party/FreeRTOS/Source/queue.o
 .debug_info    0x0000000000011baa     0x2575 Middlewares/Third_Party/FreeRTOS/Source/tasks.o
 .debug_info    0x000000000001411f      0x4f1 Middlewares/Third_Party/FreeRTOS/Source/portable/GCC/ARM_CM4F/port.o
 .debug_info    0x0000000000014610      0xd8a Middlewares/Third_Party/FreeRTOS/Source/portable/MemMang/heap_4.o

.debug_abbrev   0x0000000000000000     0x2bde
 .debug_abbrev  0x0000000000000000      0x11d Core/Src/freertos.o
 .debug_abbrev  0x000000000000011d      0x2ee Core/Src/main.o
 .debug_abbrev  0x000000000000040b      0x1b5 Core/Src/stm32f4xx_hal_msp.o
 .debug_abbrev  0x00000000000005c0      0x1bf Core/Src/stm32f4xx_hal_timebase_tim.o
 .debug_abbrev  0x000000000000077f      0x176 Core/Src/stm32f4xx_it.o
 .debug_abbrev  0x00000000000008f5      0x145 Core/Src/system_stm32f4xx.o
 .debug_abbrev  0x0000000000000a3a       0x12 Core/Startup/startup_stm32f407vgtx.o
 .debug_abbrev  0x0000000000000a4c      0x1ed Drivers/STM32F4xx_HAL_Driver/Src/stm32f4xx_hal.o
 .debug_abbrev  0x0000000000000c39      0x33c Drivers/STM32F4xx_HAL_Driver/Src/stm32f4xx_hal_cortex.o
 .debug_abbrev  0x0000000000000f75      0x259 Drivers/STM32F4xx_HAL_Driver/Src/stm32f4xx_hal_dma.o
 .debug_abbrev  0x00000000000011ce      0x1f1 Drivers/STM32F4xx_HAL_Driver/Src/stm32f4xx_hal_gpio.o
 .debug_abbrev  0x00000000000013bf      0x275 Drivers/STM32F4xx_HAL_Driver/Src/stm32f4xx_hal_rcc.o
 .debug_abbrev  0x0000000000001634      0x25e Drivers/STM32F4xx_HAL_Driver/Src/stm32f4xx_hal_tim.o
 .debug_abbrev  0x0000000000001892      0x266 Drivers/STM32F4xx_HAL_Driver/Src/stm32f4xx_hal_tim_ex.o
 .debug_abbrev  0x0000000000001af8      0x2eb Drivers/STM32F4xx_HAL_Driver/Src/stm32f4xx_hal_uart.o
 .debug_abbrev  0x0000000000001de3      0x1f7 Middlewares/Third_Party/FreeRTOS/Source/list.o
 .debug_abbrev  0x0000000000001fda      0x380 Middlewares/Third_Party/FreeRTOS/Source/queue.o
 .debug_abbrev  0x000000000000235a      0x380 Middlewares/Third_Party/FreeRTOS/Source/tasks.o
 .debug_abbrev  0x00000000000026da      0x231 Middlewares/Third_Party/FreeRTOS/Source/portable/GCC/ARM_CM4F/port.o
 .debug_abbrev  0x000000000000290b      0x2d3 Middlewares/Third_Party/FreeRTOS/Source/portable/MemMang/heap_4.o

.debug_aranges  0x0000000000000000     0x1030
 .debug_aranges
                0x0000000000000000       0x20 Core/Src/freertos.o
 .debug_aranges
                0x0000000000000020       0x70 Core/Src/main.o
 .debug_aranges
                0x0000000000000090       0x30 Core/Src/stm32f4xx_hal_msp.o
 .debug_aranges
                0x00000000000000c0       0x30 Core/Src/stm32f4xx_hal_timebase_tim.o
 .debug_aranges
                0x00000000000000f0       0x58 Core/Src/stm32f4xx_it.o
 .debug_aranges
                0x0000000000000148       0x28 Core/Src/system_stm32f4xx.o
 .debug_aranges
                0x0000000000000170       0x28 Core/Startup/startup_stm32f407vgtx.o
 .debug_aranges
                0x0000000000000198       0xf0 Drivers/STM32F4xx_HAL_Driver/Src/stm32f4xx_hal.o
 .debug_aranges
                0x0000000000000288      0x118 Drivers/STM32F4xx_HAL_Driver/Src/stm32f4xx_hal_cortex.o
 .debug_aranges
                0x00000000000003a0       0x90 Drivers/STM32F4xx_HAL_Driver/Src/stm32f4xx_hal_dma.o
 .debug_aranges
                0x0000000000000430       0x58 Drivers/STM32F4xx_HAL_Driver/Src/stm32f4xx_hal_gpio.o
 .debug_aranges
                0x0000000000000488       0x88 Drivers/STM32F4xx_HAL_Driver/Src/stm32f4xx_hal_rcc.o
 .debug_aranges
                0x0000000000000510      0x3d0 Drivers/STM32F4xx_HAL_Driver/Src/stm32f4xx_hal_tim.o
 .debug_aranges
                0x00000000000008e0      0x168 Drivers/STM32F4xx_HAL_Driver/Src/stm32f4xx_hal_tim_ex.o
 .debug_aranges
                0x0000000000000a48      0x200 Drivers/STM32F4xx_HAL_Driver/Src/stm32f4xx_hal_uart.o
 .debug_aranges
                0x0000000000000c48       0x40 Middlewares/Third_Party/FreeRTOS/Source/list.o
 .debug_aranges
                0x0000000000000c88      0x118 Middlewares/Third_Party/FreeRTOS/Source/queue.o
 .debug_aranges
                0x0000000000000da0      0x1b8 Middlewares/Third_Party/FreeRTOS/Source/tasks.o
 .debug_aranges
                0x0000000000000f58       0x80 Middlewares/Third_Party/FreeRTOS/Source/portable/GCC/ARM_CM4F/port.o
 .debug_aranges
                0x0000000000000fd8       0x58 Middlewares/Third_Party/FreeRTOS/Source/portable/MemMang/heap_4.o

.debug_ranges   0x0000000000000000      0xf28
 .debug_ranges  0x0000000000000000       0x10 Core/Src/freertos.o
 .debug_ranges  0x0000000000000010       0x60 Core/Src/main.o
 .debug_ranges  0x0000000000000070       0x20 Core/Src/stm32f4xx_hal_msp.o
 .debug_ranges  0x0000000000000090       0x20 Core/Src/stm32f4xx_hal_timebase_tim.o
 .debug_ranges  0x00000000000000b0       0x48 Core/Src/stm32f4xx_it.o
 .debug_ranges  0x00000000000000f8       0x18 Core/Src/system_stm32f4xx.o
 .debug_ranges  0x0000000000000110       0x20 Core/Startup/startup_stm32f407vgtx.o
 .debug_ranges  0x0000000000000130       0xe0 Drivers/STM32F4xx_HAL_Driver/Src/stm32f4xx_hal.o
 .debug_ranges  0x0000000000000210      0x108 Drivers/STM32F4xx_HAL_Driver/Src/stm32f4xx_hal_cortex.o
 .debug_ranges  0x0000000000000318       0x80 Drivers/STM32F4xx_HAL_Driver/Src/stm32f4xx_hal_dma.o
 .debug_ranges  0x0000000000000398       0x48 Drivers/STM32F4xx_HAL_Driver/Src/stm32f4xx_hal_gpio.o
 .debug_ranges  0x00000000000003e0       0x78 Drivers/STM32F4xx_HAL_Driver/Src/stm32f4xx_hal_rcc.o
 .debug_ranges  0x0000000000000458      0x3c0 Drivers/STM32F4xx_HAL_Driver/Src/stm32f4xx_hal_tim.o
 .debug_ranges  0x0000000000000818      0x158 Drivers/STM32F4xx_HAL_Driver/Src/stm32f4xx_hal_tim_ex.o
 .debug_ranges  0x0000000000000970      0x220 Drivers/STM32F4xx_HAL_Driver/Src/stm32f4xx_hal_uart.o
 .debug_ranges  0x0000000000000b90       0x30 Middlewares/Third_Party/FreeRTOS/Source/list.o
 .debug_ranges  0x0000000000000bc0      0x108 Middlewares/Third_Party/FreeRTOS/Source/queue.o
 .debug_ranges  0x0000000000000cc8      0x1a8 Middlewares/Third_Party/FreeRTOS/Source/tasks.o
 .debug_ranges  0x0000000000000e70       0x70 Middlewares/Third_Party/FreeRTOS/Source/portable/GCC/ARM_CM4F/port.o
 .debug_ranges  0x0000000000000ee0       0x48 Middlewares/Third_Party/FreeRTOS/Source/portable/MemMang/heap_4.o

.debug_macro    0x0000000000000000    0x22647
 .debug_macro   0x0000000000000000      0x245 Core/Src/freertos.o
 .debug_macro   0x0000000000000245      0xaa8 Core/Src/freertos.o
 .debug_macro   0x0000000000000ced      0x174 Core/Src/freertos.o
 .debug_macro   0x0000000000000e61       0x22 Core/Src/freertos.o
 .debug_macro   0x0000000000000e83       0x8e Core/Src/freertos.o
 .debug_macro   0x0000000000000f11       0x51 Core/Src/freertos.o
 .debug_macro   0x0000000000000f62      0x103 Core/Src/freertos.o
 .debug_macro   0x0000000000001065       0x6a Core/Src/freertos.o
 .debug_macro   0x00000000000010cf      0x1df Core/Src/freertos.o
 .debug_macro   0x00000000000012ae       0xf1 Core/Src/freertos.o
 .debug_macro   0x000000000000139f      0x15a Core/Src/freertos.o
 .debug_macro   0x00000000000014f9       0xde Core/Src/freertos.o
 .debug_macro   0x00000000000015d7       0x1c Core/Src/freertos.o
 .debug_macro   0x00000000000015f3       0x26 Core/Src/freertos.o
 .debug_macro   0x0000000000001619      0x4fd Core/Src/freertos.o
 .debug_macro   0x0000000000001b16       0xb5 Core/Src/freertos.o
 .debug_macro   0x0000000000001bcb       0xaa Core/Src/freertos.o
 .debug_macro   0x0000000000001c75      0x29b Core/Src/freertos.o
 .debug_macro   0x0000000000001f10       0x2e Core/Src/freertos.o
 .debug_macro   0x0000000000001f3e       0x2f Core/Src/freertos.o
 .debug_macro   0x0000000000001f6d       0x1c Core/Src/freertos.o
 .debug_macro   0x0000000000001f89       0x22 Core/Src/freertos.o
 .debug_macro   0x0000000000001fab       0xdf Core/Src/freertos.o
 .debug_macro   0x000000000000208a     0x102d Core/Src/freertos.o
 .debug_macro   0x00000000000030b7      0x11f Core/Src/freertos.o
 .debug_macro   0x00000000000031d6    0x15e58 Core/Src/freertos.o
 .debug_macro   0x000000000001902e       0x6d Core/Src/freertos.o
 .debug_macro   0x000000000001909b     0x3666 Core/Src/freertos.o
 .debug_macro   0x000000000001c701       0x5c Core/Src/freertos.o
 .debug_macro   0x000000000001c75d      0x96b Core/Src/freertos.o
 .debug_macro   0x000000000001d0c8      0x9fe Core/Src/freertos.o
 .debug_macro   0x000000000001dac6      0x116 Core/Src/freertos.o
 .debug_macro   0x000000000001dbdc      0x13e Core/Src/freertos.o
 .debug_macro   0x000000000001dd1a       0xa5 Core/Src/freertos.o
 .debug_macro   0x000000000001ddbf      0x174 Core/Src/freertos.o
 .debug_macro   0x000000000001df33      0x287 Core/Src/freertos.o
 .debug_macro   0x000000000001e1ba       0x5f Core/Src/freertos.o
 .debug_macro   0x000000000001e219      0x236 Core/Src/freertos.o
 .debug_macro   0x000000000001e44f      0x12c Core/Src/freertos.o
 .debug_macro   0x000000000001e57b      0x21e Core/Src/freertos.o
 .debug_macro   0x000000000001e799       0x2e Core/Src/freertos.o
 .debug_macro   0x000000000001e7c7      0x11a Core/Src/freertos.o
 .debug_macro   0x000000000001e8e1       0x7e Core/Src/freertos.o
 .debug_macro   0x000000000001e95f       0x89 Core/Src/freertos.o
 .debug_macro   0x000000000001e9e8      0x8d1 Core/Src/freertos.o
 .debug_macro   0x000000000001f2b9       0x47 Core/Src/freertos.o
 .debug_macro   0x000000000001f300      0x295 Core/Src/freertos.o
 .debug_macro   0x000000000001f595      0x12d Core/Src/freertos.o
 .debug_macro   0x000000000001f6c2      0x190 Core/Src/freertos.o
 .debug_macro   0x000000000001f852      0x383 Core/Src/main.o
 .debug_macro   0x000000000001fbd5       0xf1 Core/Src/main.o
 .debug_macro   0x000000000001fcc6       0x91 Core/Src/main.o
 .debug_macro   0x000000000001fd57       0x8d Core/Src/main.o
 .debug_macro   0x000000000001fde4       0x7e Core/Src/main.o
 .debug_macro   0x000000000001fe62       0x19 Core/Src/main.o
 .debug_macro   0x000000000001fe7b       0x18 Core/Src/main.o
 .debug_macro   0x000000000001fe93       0x52 Core/Src/main.o
 .debug_macro   0x000000000001fee5       0x3c Core/Src/main.o
 .debug_macro   0x000000000001ff21       0x34 Core/Src/main.o
 .debug_macro   0x000000000001ff55       0x16 Core/Src/main.o
 .debug_macro   0x000000000001ff6b       0x35 Core/Src/main.o
 .debug_macro   0x000000000001ffa0       0x16 Core/Src/main.o
 .debug_macro   0x000000000001ffb6       0x43 Core/Src/main.o
 .debug_macro   0x000000000001fff9       0x34 Core/Src/main.o
 .debug_macro   0x000000000002002d       0x10 Core/Src/main.o
 .debug_macro   0x000000000002003d       0x58 Core/Src/main.o
 .debug_macro   0x0000000000020095       0x71 Core/Src/main.o
 .debug_macro   0x0000000000020106       0x1c Core/Src/main.o
 .debug_macro   0x0000000000020122      0x12a Core/Src/main.o
 .debug_macro   0x000000000002024c      0x333 Core/Src/main.o
 .debug_macro   0x000000000002057f       0x16 Core/Src/main.o
 .debug_macro   0x0000000000020595       0x29 Core/Src/main.o
 .debug_macro   0x00000000000205be       0x16 Core/Src/main.o
 .debug_macro   0x00000000000205d4       0x20 Core/Src/main.o
 .debug_macro   0x00000000000205f4      0x1dd Core/Src/stm32f4xx_hal_msp.o
 .debug_macro   0x00000000000207d1      0x1ce Core/Src/stm32f4xx_hal_timebase_tim.o
 .debug_macro   0x000000000002099f      0x1e7 Core/Src/stm32f4xx_it.o
 .debug_macro   0x0000000000020b86      0x1ce Core/Src/system_stm32f4xx.o
 .debug_macro   0x0000000000020d54      0x22e Drivers/STM32F4xx_HAL_Driver/Src/stm32f4xx_hal.o
 .debug_macro   0x0000000000020f82      0x1ce Drivers/STM32F4xx_HAL_Driver/Src/stm32f4xx_hal_cortex.o
 .debug_macro   0x0000000000021150      0x1d4 Drivers/STM32F4xx_HAL_Driver/Src/stm32f4xx_hal_dma.o
 .debug_macro   0x0000000000021324      0x1d4 Drivers/STM32F4xx_HAL_Driver/Src/stm32f4xx_hal_gpio.o
 .debug_macro   0x00000000000214f8      0x1f2 Drivers/STM32F4xx_HAL_Driver/Src/stm32f4xx_hal_rcc.o
 .debug_macro   0x00000000000216ea      0x1cf Drivers/STM32F4xx_HAL_Driver/Src/stm32f4xx_hal_tim.o
 .debug_macro   0x00000000000218b9      0x1ce Drivers/STM32F4xx_HAL_Driver/Src/stm32f4xx_hal_tim_ex.o
 .debug_macro   0x0000000000021a87      0x1cf Drivers/STM32F4xx_HAL_Driver/Src/stm32f4xx_hal_uart.o
 .debug_macro   0x0000000000021c56      0x187 Middlewares/Third_Party/FreeRTOS/Source/list.o
 .debug_macro   0x0000000000021ddd      0x216 Middlewares/Third_Party/FreeRTOS/Source/queue.o
 .debug_macro   0x0000000000021ff3       0x87 Middlewares/Third_Party/FreeRTOS/Source/queue.o
 .debug_macro   0x000000000002207a      0x279 Middlewares/Third_Party/FreeRTOS/Source/tasks.o
 .debug_macro   0x00000000000222f3       0x10 Middlewares/Third_Party/FreeRTOS/Source/tasks.o
 .debug_macro   0x0000000000022303      0x196 Middlewares/Third_Party/FreeRTOS/Source/portable/GCC/ARM_CM4F/port.o
 .debug_macro   0x0000000000022499      0x1ae Middlewares/Third_Party/FreeRTOS/Source/portable/MemMang/heap_4.o

.debug_line     0x0000000000000000    0x13005
 .debug_line    0x0000000000000000      0x7c5 Core/Src/freertos.o
 .debug_line    0x00000000000007c5      0xc89 Core/Src/main.o
 .debug_line    0x000000000000144e      0x718 Core/Src/stm32f4xx_hal_msp.o
 .debug_line    0x0000000000001b66      0x726 Core/Src/stm32f4xx_hal_timebase_tim.o
 .debug_line    0x000000000000228c      0x77b Core/Src/stm32f4xx_it.o
 .debug_line    0x0000000000002a07      0x748 Core/Src/system_stm32f4xx.o
 .debug_line    0x000000000000314f       0x88 Core/Startup/startup_stm32f407vgtx.o
 .debug_line    0x00000000000031d7      0x9ae Drivers/STM32F4xx_HAL_Driver/Src/stm32f4xx_hal.o
 .debug_line    0x0000000000003b85      0xc5d Drivers/STM32F4xx_HAL_Driver/Src/stm32f4xx_hal_cortex.o
 .debug_line    0x00000000000047e2      0xf13 Drivers/STM32F4xx_HAL_Driver/Src/stm32f4xx_hal_dma.o
 .debug_line    0x00000000000056f5      0xb24 Drivers/STM32F4xx_HAL_Driver/Src/stm32f4xx_hal_gpio.o
 .debug_line    0x0000000000006219      0xd2a Drivers/STM32F4xx_HAL_Driver/Src/stm32f4xx_hal_rcc.o
 .debug_line    0x0000000000006f43     0x36a2 Drivers/STM32F4xx_HAL_Driver/Src/stm32f4xx_hal_tim.o
 .debug_line    0x000000000000a5e5     0x19ab Drivers/STM32F4xx_HAL_Driver/Src/stm32f4xx_hal_tim_ex.o
 .debug_line    0x000000000000bf90     0x2a35 Drivers/STM32F4xx_HAL_Driver/Src/stm32f4xx_hal_uart.o
 .debug_line    0x000000000000e9c5      0x70b Middlewares/Third_Party/FreeRTOS/Source/list.o
 .debug_line    0x000000000000f0d0     0x1536 Middlewares/Third_Party/FreeRTOS/Source/queue.o
 .debug_line    0x0000000000010606     0x191b Middlewares/Third_Party/FreeRTOS/Source/tasks.o
 .debug_line    0x0000000000011f21      0x7af Middlewares/Third_Party/FreeRTOS/Source/portable/GCC/ARM_CM4F/port.o
 .debug_line    0x00000000000126d0      0x935 Middlewares/Third_Party/FreeRTOS/Source/portable/MemMang/heap_4.o

.debug_str      0x0000000000000000    0xd26df
 .debug_str     0x0000000000000000    0xc78d3 Core/Src/freertos.o
                                      0xc7b89 (size before relaxing)
 .debug_str     0x00000000000c78d3     0x561c Core/Src/main.o
                                      0xcd216 (size before relaxing)
 .debug_str     0x00000000000cceef      0x521 Core/Src/stm32f4xx_hal_msp.o
                                      0xc473a (size before relaxing)
 .debug_str     0x00000000000cd410       0xaa Core/Src/stm32f4xx_hal_timebase_tim.o
                                      0xc421f (size before relaxing)
 .debug_str     0x00000000000cd4ba       0xb8 Core/Src/stm32f4xx_it.o
                                      0xc4425 (size before relaxing)
 .debug_str     0x00000000000cd572       0xaf Core/Src/system_stm32f4xx.o
                                      0xc3792 (size before relaxing)
 .debug_str     0x00000000000cd621       0x36 Core/Startup/startup_stm32f407vgtx.o
                                         0x90 (size before relaxing)
 .debug_str     0x00000000000cd657      0x542 Drivers/STM32F4xx_HAL_Driver/Src/stm32f4xx_hal.o
                                      0xc4274 (size before relaxing)
 .debug_str     0x00000000000cdb99      0x392 Drivers/STM32F4xx_HAL_Driver/Src/stm32f4xx_hal_cortex.o
                                      0xc4063 (size before relaxing)
 .debug_str     0x00000000000cdf2b      0x31d Drivers/STM32F4xx_HAL_Driver/Src/stm32f4xx_hal_dma.o
                                      0xc3bbc (size before relaxing)
 .debug_str     0x00000000000ce248      0x15f Drivers/STM32F4xx_HAL_Driver/Src/stm32f4xx_hal_gpio.o
                                      0xc3939 (size before relaxing)
 .debug_str     0x00000000000ce3a7      0x24f Drivers/STM32F4xx_HAL_Driver/Src/stm32f4xx_hal_rcc.o
                                      0xc3b94 (size before relaxing)
 .debug_str     0x00000000000ce5f6      0xe42 Drivers/STM32F4xx_HAL_Driver/Src/stm32f4xx_hal_tim.o
                                      0xc4ac1 (size before relaxing)
 .debug_str     0x00000000000cf438      0x538 Drivers/STM32F4xx_HAL_Driver/Src/stm32f4xx_hal_tim_ex.o
                                      0xc4272 (size before relaxing)
 .debug_str     0x00000000000cf970      0x5ec Drivers/STM32F4xx_HAL_Driver/Src/stm32f4xx_hal_uart.o
                                      0xc411a (size before relaxing)
 .debug_str     0x00000000000cff5c      0x140 Middlewares/Third_Party/FreeRTOS/Source/list.o
                                       0xab82 (size before relaxing)
 .debug_str     0x00000000000d009c      0x95b Middlewares/Third_Party/FreeRTOS/Source/queue.o
                                       0xc3e8 (size before relaxing)
 .debug_str     0x00000000000d09f7     0x11a1 Middlewares/Third_Party/FreeRTOS/Source/tasks.o
                                       0xcdec (size before relaxing)
 .debug_str     0x00000000000d1b98      0x803 Middlewares/Third_Party/FreeRTOS/Source/portable/GCC/ARM_CM4F/port.o
                                       0x86c1 (size before relaxing)
 .debug_str     0x00000000000d239b      0x344 Middlewares/Third_Party/FreeRTOS/Source/portable/MemMang/heap_4.o
                                       0xb475 (size before relaxing)

.comment        0x0000000000000000       0x53
 .comment       0x0000000000000000       0x53 Core/Src/freertos.o
                                         0x54 (size before relaxing)
 .comment       0x0000000000000053       0x54 Core/Src/main.o
 .comment       0x0000000000000053       0x54 Core/Src/stm32f4xx_hal_msp.o
 .comment       0x0000000000000053       0x54 Core/Src/stm32f4xx_hal_timebase_tim.o
 .comment       0x0000000000000053       0x54 Core/Src/stm32f4xx_it.o
 .comment       0x0000000000000053       0x54 Core/Src/system_stm32f4xx.o
 .comment       0x0000000000000053       0x54 Drivers/STM32F4xx_HAL_Driver/Src/stm32f4xx_hal.o
 .comment       0x0000000000000053       0x54 Drivers/STM32F4xx_HAL_Driver/Src/stm32f4xx_hal_cortex.o
 .comment       0x0000000000000053       0x54 Drivers/STM32F4xx_HAL_Driver/Src/stm32f4xx_hal_dma.o
 .comment       0x0000000000000053       0x54 Drivers/STM32F4xx_HAL_Driver/Src/stm32f4xx_hal_gpio.o
 .comment       0x0000000000000053       0x54 Drivers/STM32F4xx_HAL_Driver/Src/stm32f4xx_hal_rcc.o
 .comment       0x0000000000000053       0x54 Drivers/STM32F4xx_HAL_Driver/Src/stm32f4xx_hal_tim.o
 .comment       0x0000000000000053       0x54 Drivers/STM32F4xx_HAL_Driver/Src/stm32f4xx_hal_tim_ex.o
 .comment       0x0000000000000053       0x54 Drivers/STM32F4xx_HAL_Driver/Src/stm32f4xx_hal_uart.o
 .comment       0x0000000000000053       0x54 Middlewares/Third_Party/FreeRTOS/Source/list.o
 .comment       0x0000000000000053       0x54 Middlewares/Third_Party/FreeRTOS/Source/queue.o
 .comment       0x0000000000000053       0x54 Middlewares/Third_Party/FreeRTOS/Source/tasks.o
 .comment       0x0000000000000053       0x54 Middlewares/Third_Party/FreeRTOS/Source/portable/GCC/ARM_CM4F/port.o
 .comment       0x0000000000000053       0x54 Middlewares/Third_Party/FreeRTOS/Source/portable/MemMang/heap_4.o

.debug_frame    0x0000000000000000     0x4400
 .debug_frame   0x0000000000000000       0x38 Core/Src/freertos.o
 .debug_frame   0x0000000000000038      0x188 Core/Src/main.o
 .debug_frame   0x00000000000001c0       0x7c Core/Src/stm32f4xx_hal_msp.o
 .debug_frame   0x000000000000023c       0x74 Core/Src/stm32f4xx_hal_timebase_tim.o
 .debug_frame   0x00000000000002b0       0xe0 Core/Src/stm32f4xx_it.o
 .debug_frame   0x0000000000000390       0x58 Core/Src/system_stm32f4xx.o
 .debug_frame   0x00000000000003e8      0x374 Drivers/STM32F4xx_HAL_Driver/Src/stm32f4xx_hal.o
 .debug_frame   0x000000000000075c      0x498 Drivers/STM32F4xx_HAL_Driver/Src/stm32f4xx_hal_cortex.o
 .debug_frame   0x0000000000000bf4      0x250 Drivers/STM32F4xx_HAL_Driver/Src/stm32f4xx_hal_dma.o
 .debug_frame   0x0000000000000e44      0x14c Drivers/STM32F4xx_HAL_Driver/Src/stm32f4xx_hal_gpio.o
 .debug_frame   0x0000000000000f90      0x1f0 Drivers/STM32F4xx_HAL_Driver/Src/stm32f4xx_hal_rcc.o
 .debug_frame   0x0000000000001180     0x11c4 Drivers/STM32F4xx_HAL_Driver/Src/stm32f4xx_hal_tim.o
 .debug_frame   0x0000000000002344      0x638 Drivers/STM32F4xx_HAL_Driver/Src/stm32f4xx_hal_tim_ex.o
 .debug_frame   0x000000000000297c      0x92c Drivers/STM32F4xx_HAL_Driver/Src/stm32f4xx_hal_uart.o
 .debug_frame   0x00000000000032a8       0xd8 Middlewares/Third_Party/FreeRTOS/Source/list.o
 .debug_frame   0x0000000000003380      0x4b4 Middlewares/Third_Party/FreeRTOS/Source/queue.o
 .debug_frame   0x0000000000003834      0x77c Middlewares/Third_Party/FreeRTOS/Source/tasks.o
 .debug_frame   0x0000000000003fb0      0x1a8 Middlewares/Third_Party/FreeRTOS/Source/portable/GCC/ARM_CM4F/port.o
 .debug_frame   0x0000000000004158      0x12c Middlewares/Third_Party/FreeRTOS/Source/portable/MemMang/heap_4.o
 .debug_frame   0x0000000000004284       0x2c c:/st/stm32cubeide_1.6.0/stm32cubeide/plugins/com.st.stm32cube.ide.mcu.externaltools.gnu-tools-for-stm32.9-2020-q2-update.win32_1.5.0.202011040924/tools/bin/../lib/gcc/arm-none-eabi/9.3.1/../../../../arm-none-eabi/lib/thumb/v7e-m+fp/hard\libc_nano.a(lib_a-init.o)
 .debug_frame   0x00000000000042b0       0x38 c:/st/stm32cubeide_1.6.0/stm32cubeide/plugins/com.st.stm32cube.ide.mcu.externaltools.gnu-tools-for-stm32.9-2020-q2-update.win32_1.5.0.202011040924/tools/bin/../lib/gcc/arm-none-eabi/9.3.1/../../../../arm-none-eabi/lib/thumb/v7e-m+fp/hard\libc_nano.a(lib_a-itoa.o)
 .debug_frame   0x00000000000042e8       0x28 c:/st/stm32cubeide_1.6.0/stm32cubeide/plugins/com.st.stm32cube.ide.mcu.externaltools.gnu-tools-for-stm32.9-2020-q2-update.win32_1.5.0.202011040924/tools/bin/../lib/gcc/arm-none-eabi/9.3.1/../../../../arm-none-eabi/lib/thumb/v7e-m+fp/hard\libc_nano.a(lib_a-memcpy-stub.o)
 .debug_frame   0x0000000000004310       0x20 c:/st/stm32cubeide_1.6.0/stm32cubeide/plugins/com.st.stm32cube.ide.mcu.externaltools.gnu-tools-for-stm32.9-2020-q2-update.win32_1.5.0.202011040924/tools/bin/../lib/gcc/arm-none-eabi/9.3.1/../../../../arm-none-eabi/lib/thumb/v7e-m+fp/hard\libc_nano.a(lib_a-memset.o)
 .debug_frame   0x0000000000004330       0x28 c:/st/stm32cubeide_1.6.0/stm32cubeide/plugins/com.st.stm32cube.ide.mcu.externaltools.gnu-tools-for-stm32.9-2020-q2-update.win32_1.5.0.202011040924/tools/bin/../lib/gcc/arm-none-eabi/9.3.1/../../../../arm-none-eabi/lib/thumb/v7e-m+fp/hard\libc_nano.a(lib_a-strcat.o)
 .debug_frame   0x0000000000004358       0x48 c:/st/stm32cubeide_1.6.0/stm32cubeide/plugins/com.st.stm32cube.ide.mcu.externaltools.gnu-tools-for-stm32.9-2020-q2-update.win32_1.5.0.202011040924/tools/bin/../lib/gcc/arm-none-eabi/9.3.1/../../../../arm-none-eabi/lib/thumb/v7e-m+fp/hard\libc_nano.a(lib_a-utoa.o)
 .debug_frame   0x00000000000043a0       0x2c c:/st/stm32cubeide_1.6.0/stm32cubeide/plugins/com.st.stm32cube.ide.mcu.externaltools.gnu-tools-for-stm32.9-2020-q2-update.win32_1.5.0.202011040924/tools/bin/../lib/gcc/arm-none-eabi/9.3.1/thumb/v7e-m+fp/hard\libgcc.a(_aeabi_uldivmod.o)
 .debug_frame   0x00000000000043cc       0x34 c:/st/stm32cubeide_1.6.0/stm32cubeide/plugins/com.st.stm32cube.ide.mcu.externaltools.gnu-tools-for-stm32.9-2020-q2-update.win32_1.5.0.202011040924/tools/bin/../lib/gcc/arm-none-eabi/9.3.1/thumb/v7e-m+fp/hard\libgcc.a(_udivmoddi4.o)
